Archive member included because of file (symbol)

C:/ethernut-4.7.4/nutbld/lib\libnutarch.a(context.o)
                              verkko.o (NutThreadCreate)
C:/ethernut-4.7.4/nutbld/lib\libnutarch.a(usart0at91.o)
                              main.o (devUsartAt910)
C:/ethernut-4.7.4/nutbld/lib\libnutarch.a(dm9000e.o)
                              verkko.o (devDM9000E)
C:/ethernut-4.7.4/nutbld/lib\libnutarch.a(at91init.o)
                              C:/ethernut-4.7.4/nutbld/lib/nutinit.o (McuInit)
C:/ethernut-4.7.4/nutbld/lib\libnutarch.a(ostimer_at91.o)
                              C:/ethernut-4.7.4/nutbld/lib\libnutarch.a(usart0at91.o) (At91GetMasterClock)
C:/ethernut-4.7.4/nutbld/lib\libnutarch.a(ih_at91sys.o)
                              C:/ethernut-4.7.4/nutbld/lib\libnutarch.a(ostimer_at91.o) (syssig_PIT)
C:/ethernut-4.7.4/nutbld/lib\libnutarch.a(ih_at91irq0.o)
                              C:/ethernut-4.7.4/nutbld/lib\libnutarch.a(dm9000e.o) (sig_INTERRUPT0)
C:/ethernut-4.7.4/nutbld/lib\libnutarch.a(ih_at91uart0.o)
                              C:/ethernut-4.7.4/nutbld/lib\libnutarch.a(usart0at91.o) (sig_UART0)
C:/ethernut-4.7.4/nutbld/lib\libnutdev.a(ihndlr.o)
                              C:/ethernut-4.7.4/nutbld/lib\libnutarch.a(usart0at91.o) (NutRegisterIrqHandler)
C:/ethernut-4.7.4/nutbld/lib\libnutdev.a(usart.o)
                              C:/ethernut-4.7.4/nutbld/lib\libnutarch.a(usart0at91.o) (UsartInit)
C:/ethernut-4.7.4/nutbld/lib\libnutdev.a(netbuf.o)
                              C:/ethernut-4.7.4/nutbld/lib\libnutarch.a(dm9000e.o) (NutNetBufFree)
C:/ethernut-4.7.4/nutbld/lib\libnutdev.a(at45db.o)
                              config.o (At45dbPageSize)
C:/ethernut-4.7.4/nutbld/lib\libnutos.a(heap.o)
                              C:/ethernut-4.7.4/nutbld/lib\libnutarch.a(context.o) (NutHeapAlloc)
C:/ethernut-4.7.4/nutbld/lib\libnutos.a(thread.o)
                              C:/ethernut-4.7.4/nutbld/lib\libnutarch.a(context.o) (NutThreadAddPriQueue)
C:/ethernut-4.7.4/nutbld/lib\libnutos.a(timer.o)
                              C:/ethernut-4.7.4/nutbld/lib\libnutarch.a(usart0at91.o) (NutDelay)
C:/ethernut-4.7.4/nutbld/lib\libnutos.a(event.o)
                              C:/ethernut-4.7.4/nutbld/lib\libnutos.a(thread.o) (NutEventPostAsync)
C:/ethernut-4.7.4/nutbld/lib\libnutos.a(devreg.o)
                              main.o (NutRegisterDevice)
C:/ethernut-4.7.4/nutbld/lib\libnutcrt.a(ioctl.o)
                              main.o (_ioctl)
C:/ethernut-4.7.4/nutbld/lib\libnutcrt.a(fflush.o)
                              laiva.o (fflush)
C:/ethernut-4.7.4/nutbld/lib\libnutcrt.a(fileno.o)
                              main.o (_fileno)
C:/ethernut-4.7.4/nutbld/lib\libnutcrt.a(fopen.o)
                              main.o (__iob)
C:/ethernut-4.7.4/nutbld/lib\libnutcrt.a(freopen.o)
                              main.o (freopen)
C:/ethernut-4.7.4/nutbld/lib\libnutcrt.a(getc.o)
                              main.o (getc)
C:/ethernut-4.7.4/nutbld/lib\libnutcrt.a(getchar.o)
                              laiva.o (getchar)
C:/ethernut-4.7.4/nutbld/lib\libnutcrt.a(scanf.o)
                              main.o (scanf)
C:/ethernut-4.7.4/nutbld/lib\libnutcrt.a(vfscanf.o)
                              C:/ethernut-4.7.4/nutbld/lib\libnutcrt.a(scanf.o) (vfscanf)
C:/ethernut-4.7.4/nutbld/lib\libnutcrt.a(printf.o)
                              main.o (printf)
C:/ethernut-4.7.4/nutbld/lib\libnutcrt.a(putchar.o)
                              laiva.o (putchar)
C:/ethernut-4.7.4/nutbld/lib\libnutcrt.a(puts.o)
                              main.o (puts)
C:/ethernut-4.7.4/nutbld/lib\libnutcrt.a(vfprintf.o)
                              C:/ethernut-4.7.4/nutbld/lib\libnutcrt.a(printf.o) (vfprintf)
C:/ethernut-4.7.4/nutbld/lib\libnutcrt.a(time.o)
                              main.o (time)
C:/ethernut-4.7.4/nutbld/lib\libnutcrt.a(errno.o)
                              C:/ethernut-4.7.4/nutbld/lib\libnutcrt.a(fopen.o) (errno)
C:/ethernut-4.7.4/nutbld/lib\libnutcrt.a(malloc.o)
                              config.o (free)
C:/ethernut-4.7.4/nutbld/lib\libnutcrt.a(open.o)
                              C:/ethernut-4.7.4/nutbld/lib\libnutcrt.a(fopen.o) (_open)
C:/ethernut-4.7.4/nutbld/lib\libnutcrt.a(getf.o)
                              C:/ethernut-4.7.4/nutbld/lib\libnutcrt.a(vfscanf.o) (_getf)
C:/ethernut-4.7.4/nutbld/lib\libnutcrt.a(read.o)
                              C:/ethernut-4.7.4/nutbld/lib\libnutcrt.a(vfscanf.o) (_read)
C:/ethernut-4.7.4/nutbld/lib\libnutcrt.a(putf.o)
                              C:/ethernut-4.7.4/nutbld/lib\libnutcrt.a(vfprintf.o) (_putf)
C:/ethernut-4.7.4/nutbld/lib\libnutcrt.a(write.o)
                              C:/ethernut-4.7.4/nutbld/lib\libnutcrt.a(fflush.o) (_write)
C:/ethernut-4.7.4/nutbld/lib\libnutcrt.a(fmode.o)
[...]
Memory Configuration

Name             Origin             Length             Attributes
rom              0x00000000         0x00080000         xr
ram              0x20000000         0x04000000         rw
iram             0x00200000         0x00008000         rw
*default*        0x00000000         0xffffffff

Linker script and memory map

LOAD C:/ethernut-4.7.4/nutbld/lib\crtat91sam7se512_rom.o
LOAD main.o
LOAD laiva.o
LOAD verkko.o
LOAD ioBoard.o
LOAD puheentunnistus.o
LOAD config.o
LOAD vsutils.o
LOAD fix_fft.o
START GROUP
LOAD C:/ethernut-4.7.4/nutbld/lib/nutinit.o
LOAD C:/ethernut-4.7.4/nutbld/lib\libnutarch.a
LOAD C:/ethernut-4.7.4/nutbld/lib\libnutdev.a
LOAD C:/ethernut-4.7.4/nutbld/lib\libnutos.a
LOAD C:/ethernut-4.7.4/nutbld/lib\libnutcrt.a
LOAD C:/ethernut-4.7.4/nutbld/lib\libnutnet.a
END GROUP
START GROUP
LOAD c:/program files/yagarto/bin/../lib/gcc/arm-elf/4.3.2\libgcc.a
LOAD c:/program files/yagarto/bin/../lib/gcc/arm-elf/4.3.2/../../../../arm-elf/lib\libc.a
END GROUP

.text           0x00000000    0x176ac
 *(.vectors)
                0x00000000                . = ALIGN (0x4)
 *(.init0)
 .init0         0x00000000       0x38 C:/ethernut-4.7.4/nutbld/lib\crtat91sam7se512_rom.o
                0x00000034                __xcpt_dummy
                0x00000034                __swi
                0x00000000                __vectors
                0x00000034                __data_abort
                0x00000034                __prefetch_abort
                0x00000034                __undef
                0x00000038                . = ALIGN (0x4)
 *(.init1)
 .init1         0x00000038      0x1c4 C:/ethernut-4.7.4/nutbld/lib\crtat91sam7se512_rom.o
                0x00000038                _start
                0x000001fc                . = ALIGN (0x4)
 *(.init2)
 .init2         0x000001fc       0x44 C:/ethernut-4.7.4/nutbld/lib\crtat91sam7se512_rom.o
                0x000001fc                __set_stacks
                0x00000240                . = ALIGN (0x4)
 *(.init3)
 .init3         0x00000240        0x4 C:/ethernut-4.7.4/nutbld/lib\crtat91sam7se512_rom.o
                0x00000240                __enter_mode
                0x00000244                . = ALIGN (0x4)
 *(.init4)
 .init4         0x00000244       0x54 C:/ethernut-4.7.4/nutbld/lib\crtat91sam7se512_rom.o
                0x00000244                __clear_bss
                0x00000298                . = ALIGN (0x4)
 *(.init5)
 .init5         0x00000298       0x10 C:/ethernut-4.7.4/nutbld/lib\crtat91sam7se512_rom.o
                0x00000298                __call_rtos
                0x000002a8                . = ALIGN (0x4)
 *(.text)
 .text          0x000002a8        0x0 C:/ethernut-4.7.4/nutbld/lib\crtat91sam7se512_rom.o
 .text          0x000002a8      0x678 main.o
                0x000003f8                settings
                0x00000484                spokenWord
                0x000002a8                changeSNM
                0x00000664                main
                0x0000035c                changeIP
 .text          0x00000920     0x29b8 laiva.o
                0x000022b4                askTarget
                0x00001c50                findSecondCoordinate
                0x000019c8                showPlayer
                0x00000ca8                returnAllShipHits
                0x00001b14                setShotsToOurTargetSea
                0x00000f54                setShipToSea
                0x00002494                showGameEndResult
                0x0000126c                findRightX
                0x00001664                tempTul
                0x000009ec                resetWholeGame
                0x000025d0                startOnePlayerGame
                0x000011dc                findDownY
                0x00001d50                findNextCoordinate
                0x00000998                resetShip
                0x0000297c                startTwoPlayerGame
                0x00001548                showSea
                0x00000e18                returnShipHitCount
                0x000012b4                seekUp
                0x00001730                markShipHit
                0x00001224                findLeftX
                0x00001f28                findLocationToShip
                0x0000207c                findLocationToAllShips
                0x000017c0                checkShotEffects
                0x00000e5c                markShotEffectsToPlayerStruct
                0x0000132c                seekLeft
                0x00001aa0                setShotsToTargetSea
                0x000015d4                seekRight
                0x00001b68                showShip
                0x000030a8                findOpponent
                0x000016c8                didShipSink
                0x00002394                askIfUserWantsToCancel
                0x00001428                showTwoSeaParallel
                0x00000920                countHitsFromSea
                0x000023e0                showGameStatus
                0x000013ac                seekDown
                0x00002348                askMaxFiveShots
                0x00001194                findUpY
                0x00002190                giveMaxFiveShots
                0x00000f30                returnSeaValue
 .text          0x000032d8     0x1f38 verkko.o
                0x00003564                calculateLengths
                0x00005184                Kaksinpeli
                0x00003684                printStruct
                0x00005160                Vastaanotto
                0x000032d8                snmpReceive
                0x00003af0                compileOutboundMessage
                0x00004118                parseSnmpResponse
                0x00005010                initializeNetwork
                0x00003d70                parseSnmpResponse_ok
                0x00004a7c                receiveMessage
                0x000035b8                checkOID
                0x00003994                printLahetys
                0x000044d0                parseOutboundMessage
                0x00003a40                sendMessageToChannel
                0x00004944                sendSnmpMessageTestaus
                0x0000513c                Lahetys
 .text          0x00005210       0xd8 ioBoard.o
                0x00005238                led3On
                0x00005210                led1On
                0x00005224                led2On
                0x00005274                led2Off
                0x0000524c                led4On
                0x00005288                led3Off
                0x000052b0                ledsOff
                0x00005260                led1Off
                0x0000529c                led4Off
 .text          0x000052e8     0x1298 puheentunnistus.o
                0x00005e4c                recordSpeech
                0x000054dc                hammingWindowing
                0x00005820                dynamicTimeWarping
                0x00005558                melFiltering
                0x00005400                preEmphasis
                0x00006544                initAudioDevice
                0x000052e8                speechDetector
                0x00005eb4                speechRecognizer
                0x00005478                frameBlocking
                0x000055f4                naturalLogarithm
                0x00005764                discreteCosineTransform
 .text          0x00006580      0x754 config.o
                0x00006714                ConfigSize
                0x00006620                SpiSetMode
                0x00006bb8                ConfigSaveString
                0x0000673c                ConfigInit
                0x000067b8                ConfigLoadBinary
                0x00006580                InitElektorHardware
                0x000068f8                NutLoadConfig
                0x00006a98                ConfigFlush
                0x00006be4                NutNetSaveConfig
                0x00006c94                ConfigSave
                0x00006640                At91SpiTransfer2
                0x00006798                ConfigResetFactory
                0x00006b84                ConfigSaveBinary
                0x00006860                NutNetLoadConfig
                0x0000697c                ConfigLoadString
                0x00006c34                NutSaveConfig
                0x0000671c                ConfigRewind
                0x00006a34                ConfigLoad
 .text          0x00006cd4      0xa40 vsutils.o
                0x0000765c                InitAudio
                0x00006ce4                SdiSelect
                0x00007010                RecordDeviceInit
                0x000074f0                VsTest
                0x00007254                RecordFileInit
                0x00007704                ResetDevice
                0x000073e8                Record
                0x00006f6c                Play
                0x00006ed0                Vs10x3Check
                0x00006df0                VsRegWrite
                0x00006d04                SciSelect
                0x00006cf4                SciDeselect
                0x00006cd4                SdiDeselect
                0x000076e4                CancelReset
 .text          0x00007714      0x480 fix_fft.o
                0x00007740                fix_fft
                0x00007714                FIX_MPY
                0x00007aec                fix_fftr
 .text          0x00007b94       0xb4 C:/ethernut-4.7.4/nutbld/lib/nutinit.o
                0x00007b94                NutInit
                0x00007c14                NutIdle
 .text          0x00007c48      0x19c C:/ethernut-4.7.4/nutbld/lib\libnutarch.a(context.o)
                0x00007ca0                NutThreadCreate
                0x00007c50                NutThreadSwitch
 .text          0x00007de4      0xb0c C:/ethernut-4.7.4/nutbld/lib\libnutarch.a(usart0at91.o)
 .text          0x000088f0      0xaf4 C:/ethernut-4.7.4/nutbld/lib\libnutarch.a(dm9000e.o)
                0x000090d0                NicRxLanc
                0x00008c64                DmOutput
                0x00008a98                DmInit
 .text          0x000093e4       0x3c C:/ethernut-4.7.4/nutbld/lib\libnutarch.a(at91init.o)
                0x00009408                McuInit
 .text          0x00009420      0x150 C:/ethernut-4.7.4/nutbld/lib\libnutarch.a(ostimer_at91.o)
                0x000094a0                NutArchClockGet
                0x000094cc                NutGetTickClock
                0x000094c4                At91GetMasterClock
                0x00009518                NutRegisterTimer
                0x000094f8                NutTimerMillisToTicks
 .text          0x00009570      0x2a0 C:/ethernut-4.7.4/nutbld/lib\libnutarch.a(ih_at91sys.o)
                0x000097d4                NutRegisterSysIrqHandler
                0x000097c4                NutSysIrqDisable
                0x000097b0                NutSysIrqEnable
 .text          0x00009810      0x1e0 C:/ethernut-4.7.4/nutbld/lib\libnutarch.a(ih_at91irq0.o)
 .text          0x000099f0      0x1b8 C:/ethernut-4.7.4/nutbld/lib\libnutarch.a(ih_at91uart0.o)
 .text          0x00009ba8      0x17c C:/ethernut-4.7.4/nutbld/lib\libnutdev.a(ihndlr.o)
                0x00009ba8                CallHandler
                0x00009cb4                NutIrqSetMode
                0x00009c04                NutIrqEnable
                0x00009c2c                NutIrqDisable
                0x00009c54                NutIrqSetPriority
                0x00009bc8                NutRegisterIrqHandler
 .text          0x00009d24      0x9bc C:/ethernut-4.7.4/nutbld/lib\libnutdev.a(usart.o)
                0x0000a254                UsartOpen
                0x0000a4f4                UsartWrite_P
                0x00009e50                UsartIOCtl
                0x0000a50c                UsartRead
                0x0000a200                UsartClose
                0x0000a500                UsartWrite
                0x00009d5c                UsartSize
                0x00009d24                UsartInit
 .text          0x0000a6e0      0x294 C:/ethernut-4.7.4/nutbld/lib\libnutdev.a(netbuf.o)
                0x0000a8b4                NutNetBufAlloc
                0x0000a738                NutNetBufClone
                0x0000a6e0                NutNetBufFree
 .text          0x0000a974      0x5fc C:/ethernut-4.7.4/nutbld/lib\libnutdev.a(at45db.o)
                0x0000a998                At45dbPageSize
                0x0000a974                At45dbChipErase
                0x0000aa64                At45dbInit
                0x0000a9e0                At45dbGetStatus
                0x0000ab44                At45dbParamSize
                0x0000acac                At45dbPageWrite
                0x0000aba0                At45dbWaitReady
                0x0000af24                At45dbPageErase
                0x0000ae90                At45dbParamRead
                0x0000a97c                At45dbPages
                0x0000a9b4                At45dbParamPage
                0x0000abec                At45dbSendCmd
                0x0000ad74                At45dbPageRead
                0x0000adc4                At45dbParamWrite
 .text          0x0000af70      0x3ac C:/ethernut-4.7.4/nutbld/lib\libnutos.a(heap.o)
                0x0000b154                NutHeapAvailable
                0x0000b070                NutHeapFree
                0x0000af70                NutHeapAlloc
                0x0000b14c                NutHeapAdd
                0x0000b164                NutHeapRealloc
                0x0000b2f4                NutHeapAllocClear
 .text          0x0000b31c      0x3fc C:/ethernut-4.7.4/nutbld/lib\libnutos.a(thread.o)
                0x0000b474                NutThreadWake
                0x0000b568                NutThreadSetPriority
                0x0000b4d8                NutThreadDestroy
                0x0000b604                NutThreadExit
                0x0000b3dc                NutThreadRemoveQueue
                0x0000b31c                NutThreadAddPriQueue
                0x0000b60c                NutThreadResume
                0x0000b508                NutThreadKill
                0x0000b6dc                NutThreadYield
                0x0000b494                GetThreadByName
 .text          0x0000b718      0x558 C:/ethernut-4.7.4/nutbld/lib\libnutos.a(timer.o)
                0x0000b768                NutDelay
                0x0000ba20                NutSleep
                0x0000b840                NutGetTickCount
                0x0000b9f8                NutTimerStart
                0x0000baac                NutTimerProcessElapsed
                0x0000b7e0                NutTimerStop
                0x0000bb88                NutTimerInit
                0x0000b8ac                NutGetMillis
                0x0000b898                NutClockSet
                0x0000b918                NutGetSeconds
                0x0000b730                NutMicroDelay
                0x0000b778                NutTimerInsert
                0x0000b868                NutGetCpuClock
                0x0000b9d8                NutTimerStartTicks
                0x0000b958                NutTimerCreate
 .text          0x0000bc70      0x384 C:/ethernut-4.7.4/nutbld/lib\libnutos.a(event.o)
                0x0000bdf4                NutEventBroadcast
                0x0000beec                NutEventWait
                0x0000bd50                NutEventBroadcastAsync
                0x0000bfc8                NutEventWaitNext
                0x0000bc70                NutEventPostAsync
                0x0000be10                NutEventPost
                0x0000be2c                NutEventTimeout
 .text          0x0000bff4       0xbc C:/ethernut-4.7.4/nutbld/lib\libnutos.a(devreg.o)
                0x0000c038                NutRegisterDevice
                0x0000bff4                NutDeviceLookup
 .text          0x0000c0b0       0x38 C:/ethernut-4.7.4/nutbld/lib\libnutcrt.a(ioctl.o)
                0x0000c0b0                _ioctl
 .text          0x0000c0e8       0x24 C:/ethernut-4.7.4/nutbld/lib\libnutcrt.a(fflush.o)
                0x0000c0e8                fflush
 .text          0x0000c10c        0x8 C:/ethernut-4.7.4/nutbld/lib\libnutcrt.a(fileno.o)
                0x0000c10c                _fileno
 .text          0x0000c114       0xc4 C:/ethernut-4.7.4/nutbld/lib\libnutcrt.a(fopen.o)
                0x0000c114                fopen
 .text          0x0000c1d8       0xe0 C:/ethernut-4.7.4/nutbld/lib\libnutcrt.a(freopen.o)
                0x0000c1d8                freopen
 .text          0x0000c2b8       0x10 C:/ethernut-4.7.4/nutbld/lib\libnutcrt.a(getc.o)
                0x0000c2b8                getc
 .text          0x0000c2c8       0x1c C:/ethernut-4.7.4/nutbld/lib\libnutcrt.a(getchar.o)
                0x0000c2c8                getchar
 .text          0x0000c2e4       0x2c C:/ethernut-4.7.4/nutbld/lib\libnutcrt.a(scanf.o)
                0x0000c2e4                scanf
 .text          0x0000c310       0x30 C:/ethernut-4.7.4/nutbld/lib\libnutcrt.a(vfscanf.o)
                0x0000c310                vfscanf
 .text          0x0000c340       0x2c C:/ethernut-4.7.4/nutbld/lib\libnutcrt.a(printf.o)
                0x0000c340                printf
 .text          0x0000c36c       0x1c C:/ethernut-4.7.4/nutbld/lib\libnutcrt.a(putchar.o)
                0x0000c36c                putchar
 .text          0x0000c388       0x34 C:/ethernut-4.7.4/nutbld/lib\libnutcrt.a(puts.o)
                0x0000c388                puts
 .text          0x0000c3bc       0x28 C:/ethernut-4.7.4/nutbld/lib\libnutcrt.a(vfprintf.o)
                0x0000c3bc                vfprintf
 .text          0x0000c3e4       0x9c C:/ethernut-4.7.4/nutbld/lib\libnutcrt.a(time.o)
                0x0000c418                time
                0x0000c3e4                stime
 .text          0x0000c480        0x0 C:/ethernut-4.7.4/nutbld/lib\libnutcrt.a(errno.o)
 .text          0x0000c480       0x58 C:/ethernut-4.7.4/nutbld/lib\libnutcrt.a(malloc.o)
                0x0000c4b4                malloc
                0x0000c480                realloc
                0x0000c4a4                free
 .text          0x0000c4d8       0xa4 C:/ethernut-4.7.4/nutbld/lib\libnutcrt.a(open.o)
                0x0000c4d8                _open
 .text          0x0000c57c      0x5a8 C:/ethernut-4.7.4/nutbld/lib\libnutcrt.a(getf.o)
                0x0000c57c                _getf
 .text          0x0000cb24       0x34 C:/ethernut-4.7.4/nutbld/lib\libnutcrt.a(read.o)
                0x0000cb24                _read
 .text          0x0000cb58      0x5e4 C:/ethernut-4.7.4/nutbld/lib\libnutcrt.a(putf.o)
                0x0000cba8                _putf
 .text          0x0000d13c       0x34 C:/ethernut-4.7.4/nutbld/lib\libnutcrt.a(write.o)
                0x0000d13c                _write
 .text          0x0000d170       0xa0 C:/ethernut-4.7.4/nutbld/lib\libnutcrt.a(fmode.o)
                0x0000d170                _fmode
 .text          0x0000d210       0x68 C:/ethernut-4.7.4/nutbld/lib\libnutcrt.a(fgetc.o)
                0x0000d210                fgetc
 .text          0x0000d278       0x3c C:/ethernut-4.7.4/nutbld/lib\libnutcrt.a(fputc.o)
                0x0000d278                fputc
 .text          0x0000d2b4       0x28 C:/ethernut-4.7.4/nutbld/lib\libnutcrt.a(fputs.o)
                0x0000d2b4                fputs
 .text          0x0000d2dc      0x198 C:/ethernut-4.7.4/nutbld/lib\libnutcrt.a(gmtime.o)
                0x0000d2dc                gmtime_r
                0x0000d44c                gmtime
 .text          0x0000d474      0x2a0 C:/ethernut-4.7.4/nutbld/lib\libnutcrt.a(mktime.o)
                0x0000d70c                mktime
                0x0000d704                _mkgmtime
 .text          0x0000d714      0x328 C:/ethernut-4.7.4/nutbld/lib\libnutcrt.a(tzset.o)
                0x0000d8ac                _isindst
 .text          0x0000da3c      0x250 C:/ethernut-4.7.4/nutbld/lib\libnutcrt.a(localtim.o)
                0x0000dc64                localtime
                0x0000da3c                localtime_r
 .text          0x0000dc8c      0x344 C:/ethernut-4.7.4/nutbld/lib\libnutnet.a(udpsock.o)
                0x0000dd08                NutUdpGetSockOpt
                0x0000ddbc                NutUdpReceiveFrom
                0x0000dd50                NutUdpDestroySocket
                0x0000dc8c                NutUdpFindSocket
                0x0000de78                NutUdpSendTo
                0x0000dcc0                NutUdpSetSockOpt
                0x0000deec                NutUdpCreateSocket
 .text          0x0000dfd0       0xf8 C:/ethernut-4.7.4/nutbld/lib\libnutnet.a(ipdemux.o)
                0x0000e03c                NutRegisterIpHandler
 .text          0x0000e0c8      0x170 C:/ethernut-4.7.4/nutbld/lib\libnutnet.a(inet.o)
                0x0000e0c8                inet_addr
                0x0000e170                inet_ntoa
 .text          0x0000e238       0xbc C:/ethernut-4.7.4/nutbld/lib\libnutnet.a(ethin.o)
                0x0000e238                NutEtherInput
 .text          0x0000e2f4       0xb8 C:/ethernut-4.7.4/nutbld/lib\libnutnet.a(ethout.o)
                0x0000e2f4                NutEtherOutput
 .text          0x0000e3ac      0x2fc C:/ethernut-4.7.4/nutbld/lib\libnutnet.a(ifconfig.o)
                0x0000e534                NutNetIfConfig2
                0x0000e3ac                NutNetIfSetup
                0x0000e688                NutNetIfConfig
 .text          0x0000e6a8      0x110 C:/ethernut-4.7.4/nutbld/lib\libnutnet.a(udpin.o)
                0x0000e6a8                NutUdpInput
 .text          0x0000e7b8       0xe4 C:/ethernut-4.7.4/nutbld/lib\libnutnet.a(udpout.o)
                0x0000e7b8                NutUdpOutput
 .text          0x0000e89c       0xb8 C:/ethernut-4.7.4/nutbld/lib\libnutnet.a(ipcsum.o)
                0x0000e8f8                NutIpChkSum
                0x0000e89c                NutIpChkSumPartial
                0x0000e91c                NutIpPseudoChkSumPartial
 .text          0x0000e954      0x244 C:/ethernut-4.7.4/nutbld/lib\libnutnet.a(ipin.o)
                0x0000e964                NutIpInput
                0x0000e954                NutIpSetInputFilter
 .text          0x0000eb98      0x2e4 C:/ethernut-4.7.4/nutbld/lib\libnutnet.a(ipout.o)
                0x0000eb98                NutIpOutput
 .text          0x0000ee7c      0x298 C:/ethernut-4.7.4/nutbld/lib\libnutnet.a(route.o)
                0x0000f0d0                NutIpRouteDelAll
                0x0000efb4                NutIpRouteList
                0x0000f048                NutIpRouteDel
                0x0000ef00                NutIpRouteQuery
                0x0000ef38                NutIpRouteAdd
 .text          0x0000f114      0x140 C:/ethernut-4.7.4/nutbld/lib\libnutnet.a(icmpin.o)
                0x0000f114                NutIcmpInput
 .text          0x0000f254      0x178 C:/ethernut-4.7.4/nutbld/lib\libnutnet.a(icmpout.o)
                0x0000f254                NutIcmpOutput
                0x0000f2b4                NutIcmpReply
                0x0000f32c                NutIcmpResponse
 .text          0x0000f3cc      0x374 C:/ethernut-4.7.4/nutbld/lib\libnutnet.a(arpcache.o)
                0x0000f544                NutArpCacheQuery
                0x0000f6d0                NutArpCacheUpdate
 .text          0x0000f740      0x158 C:/ethernut-4.7.4/nutbld/lib\libnutnet.a(arpin.o)
                0x0000f740                NutArpInput
 .text          0x0000f898      0x12c C:/ethernut-4.7.4/nutbld/lib\libnutnet.a(arpout.o)
                0x0000f904                NutArpAllocNetBuf
                0x0000f898                NutArpOutput
 .text          0x0000f9c4     0x1258 C:/ethernut-4.7.4/nutbld/lib\libnutnet.a(tcpsm.o)
                0x0000fe00                NutTcpStatePassiveOpenEvent
                0x0000fa1c                NutTcpInitStateMachine
                0x00010208                NutTcpSm
                0x0000f9c4                NutTcpAbortSocket
                0x0000ff68                NutTcpStateRetranTimeout
                0x0000fdc4                NutTcpStateActiveOpenEvent
                0x00010b80                NutTcpStateCloseEvent
                0x0000fbc0                NutTcpStateWindowEvent
                0x0000fa68                NutTcpStateMachine
 .text          0x00010c1c      0xb7c C:/ethernut-4.7.4/nutbld/lib\libnutnet.a(tcpsock.o)
                0x00010e50                NutTcpDiscardBuffers
                0x00010e00                NutTcpDeviceIOCtl
                0x00010c1c                NutTcpFindSocket
                0x00011178                NutTcpDeviceWrite
                0x00011360                NutTcpCloseSocket
                0x00010eb4                NutTcpReceive
                0x00011718                NutTcpDestroySocket
                0x00011054                NutTcpSend
                0x00011384                NutTcpSetSockOpt
                0x00011510                NutTcpConnect
                0x00010dec                NutTcpError
                0x00010cb8                NutTcpGetSockOpt
                0x00011634                NutTcpCreateSocket
                0x000114f0                NutTcpAccept
                0x00011050                NutTcpDeviceRead
 .text          0x00011798       0xa4 C:/ethernut-4.7.4/nutbld/lib\libnutnet.a(tcputil.o)
                0x000117c8                NutTcpCalcRtt
                0x00011798                IsInLimits
 .text          0x0001183c       0x78 C:/ethernut-4.7.4/nutbld/lib\libnutnet.a(tcpin.o)
                0x0001183c                NutTcpInput
 .text          0x000118b4      0x5dc C:/ethernut-4.7.4/nutbld/lib\libnutnet.a(tcpout.o)
                0x000118b4                NutTcpReject
                0x00011afc                NutTcpOutput
 .text          0x00011e90      0x1bc C:/ethernut-4.7.4/nutbld/lib\libnutdev.a(rtc.o)
                0x00011fd4                NutRtcGetStatus
                0x00011edc                NutRtcGetTime
                0x00011f5c                NutRtcGetAlarm
                0x00011f1c                NutRtcSetTime
                0x00011e90                NutRegisterRtc
                0x00012010                NutRtcClearStatus
                0x00011f98                NutRtcSetAlarm
 .text          0x0001204c      0x110 c:/program files/yagarto/bin/../lib/gcc/arm-elf/4.3.2\libgcc.a(_udivsi3.o)
                0x0001204c                __udivsi3
                0x0001204c                __aeabi_uidiv
                0x00012144                __aeabi_uidivmod
 .text          0x0001215c      0x140 c:/program files/yagarto/bin/../lib/gcc/arm-elf/4.3.2\libgcc.a(_divsi3.o)
                0x0001215c                __aeabi_idiv
                0x0001215c                __divsi3
                0x00012284                __aeabi_idivmod
 .text          0x0001229c       0xcc c:/program files/yagarto/bin/../lib/gcc/arm-elf/4.3.2\libgcc.a(_umodsi3.o)
                0x0001229c                __umodsi3
 .text          0x00012368       0xe4 c:/program files/yagarto/bin/../lib/gcc/arm-elf/4.3.2\libgcc.a(_modsi3.o)
                0x00012368                __modsi3
 .text          0x0001244c        0x4 c:/program files/yagarto/bin/../lib/gcc/arm-elf/4.3.2\libgcc.a(_dvmd_tls.o)
                0x0001244c                __aeabi_ldiv0
                0x0001244c                __div0
                0x0001244c                __aeabi_idiv0
 .text          0x00012450        0x0 c:/program files/yagarto/bin/../lib/gcc/arm-elf/4.3.2/../../../../arm-elf/lib\libc.a(lib_a-ctype_.o)
 .text          0x00012450      0x118 c:/program files/yagarto/bin/../lib/gcc/arm-elf/4.3.2/../../../../arm-elf/lib\libc.a(lib_a-memchr.o)
                0x00012450                memchr
 .text          0x00012568       0xac c:/program files/yagarto/bin/../lib/gcc/arm-elf/4.3.2/../../../../arm-elf/lib\libc.a(lib_a-memcmp.o)
                0x00012568                memcmp
 .text          0x00012614       0xfc c:/program files/yagarto/bin/../lib/gcc/arm-elf/4.3.2/../../../../arm-elf/lib\libc.a(lib_a-memcpy.o)
                0x00012614                memcpy
 .text          0x00012710      0x144 c:/program files/yagarto/bin/../lib/gcc/arm-elf/4.3.2/../../../../arm-elf/lib\libc.a(lib_a-memmove.o)
                0x00012710                memmove
 .text          0x00012854       0xd0 c:/program files/yagarto/bin/../lib/gcc/arm-elf/4.3.2/../../../../arm-elf/lib\libc.a(lib_a-memset.o)
                0x00012854                memset
 .text          0x00012924       0x78 c:/program files/yagarto/bin/../lib/gcc/arm-elf/4.3.2/../../../../arm-elf/lib\libc.a(lib_a-rand.o)
                0x00012940                rand
                0x00012924                srand
 .text          0x0001299c       0xe8 c:/program files/yagarto/bin/../lib/gcc/arm-elf/4.3.2/../../../../arm-elf/lib\libc.a(lib_a-strcmp.o)
                0x0001299c                strcmp
 .text          0x00012a84       0xb8 c:/program files/yagarto/bin/../lib/gcc/arm-elf/4.3.2/../../../../arm-elf/lib\libc.a(lib_a-strcpy.o)
                0x00012a84                strcpy
 .text          0x00012b3c       0x9c c:/program files/yagarto/bin/../lib/gcc/arm-elf/4.3.2/../../../../arm-elf/lib\libc.a(lib_a-strlen.o)
                0x00012b3c                strlen
 .text          0x00012bd8      0x1e0 c:/program files/yagarto/bin/../lib/gcc/arm-elf/4.3.2/../../../../arm-elf/lib\libc.a(lib_a-strtol.o)
                0x00012d8c                strtol
                0x00012bd8                _strtol_r
 .text          0x00012db8       0x34 c:/program files/yagarto/bin/../lib/gcc/arm-elf/4.3.2/../../../../arm-elf/lib\libc.a(lib_a-system.o)
                0x00012dd8                system
                0x00012db8                _system_r
 .text          0x00012dec       0x10 c:/program files/yagarto/bin/../lib/gcc/arm-elf/4.3.2/../../../../arm-elf/lib\libc.a(lib_a-errno.o)
                0x00012dec                __errno
 .text          0x00012dfc        0x0 c:/program files/yagarto/bin/../lib/gcc/arm-elf/4.3.2/../../../../arm-elf/lib\libc.a(lib_a-impure.o)
                0x00012dfc                . = ALIGN (0x4)
 *(.rodata*)
 .rodata.str1.1
                0x00012dfc      0x336 main.o
                                0x36b (size before relaxing)
 .rodata.str1.1
                0x00013132      0x9f0 laiva.o
                                0xa12 (size before relaxing)
 .rodata.str1.1
                0x00013b22      0xceb verkko.o
                                0xd02 (size before relaxing)
 .rodata        0x0001480d        0x6 verkko.o
 .rodata.str1.1
                0x00014813      0x17f puheentunnistus.o
                                0x18d (size before relaxing)
 *fill*         0x00014992        0x2 00
 .rodata        0x00014994     0x2ba4 puheentunnistus.o
 .rodata.str1.1
                0x00017538        0x4 config.o
 .rodata        0x0001753c       0x1e vsutils.o
 .rodata.str1.1
                0x0001755a       0x13 C:/ethernut-4.7.4/nutbld/lib/nutinit.o
 .rodata.str1.1
                0x0001756d        0x5 C:/ethernut-4.7.4/nutbld/lib\libnutarch.a(dm9000e.o)
 .rodata        0x00017572        0x2 C:/ethernut-4.7.4/nutbld/lib\libnutdev.a(at45db.o)
 .rodata.str1.1
                0x00017574       0x29 C:/ethernut-4.7.4/nutbld/lib\libnutcrt.a(putf.o)
 .rodata.str1.1
                0x00000000        0xe C:/ethernut-4.7.4/nutbld/lib\libnutnet.a(ifconfig.o)
 .rodata.str1.1
                0x0001759d        0x6 C:/ethernut-4.7.4/nutbld/lib\libnutnet.a(tcpsm.o)
 .rodata        0x000175a3      0x101 c:/program files/yagarto/bin/../lib/gcc/arm-elf/4.3.2/../../../../arm-elf/lib\libc.a(lib_a-ctype_.o)
                0x000175a3                _ctype_
 .rodata        0x000176a4        0x4 c:/program files/yagarto/bin/../lib/gcc/arm-elf/4.3.2/../../../../arm-elf/lib\libc.a(lib_a-impure.o)
                0x000176a4                _global_impure_ptr
 .rodata.str1.4
                0x000176a8        0x4 c:/program files/yagarto/bin/../lib/gcc/arm-elf/4.3.2/../../../../arm-elf/lib\libc.a(lib_a-impure.o)
                0x000176ac                . = ALIGN (0x4)
 *(.glue_7t)
 .glue_7t       0x000176ac        0x0 C:/ethernut-4.7.4/nutbld/lib\crtat91sam7se512_rom.o
 .glue_7t       0x000176ac        0x0 main.o
 .glue_7t       0x000176ac        0x0 laiva.o
 .glue_7t       0x000176ac        0x0 verkko.o
 .glue_7t       0x000176ac        0x0 ioBoard.o
 .glue_7t       0x000176ac        0x0 puheentunnistus.o
 .glue_7t       0x000176ac        0x0 config.o
 .glue_7t       0x000176ac        0x0 vsutils.o
 .glue_7t       0x000176ac        0x0 fix_fft.o
 .glue_7t       0x000176ac        0x0 C:/ethernut-4.7.4/nutbld/lib/nutinit.o
 .glue_7t       0x000176ac        0x0 C:/ethernut-4.7.4/nutbld/lib\libnutarch.a(context.o)
 .glue_7t       0x000176ac        0x0 C:/ethernut-4.7.4/nutbld/lib\libnutarch.a(usart0at91.o)
 .glue_7t       0x000176ac        0x0 C:/ethernut-4.7.4/nutbld/lib\libnutarch.a(dm9000e.o)
 .glue_7t       0x000176ac        0x0 C:/ethernut-4.7.4/nutbld/lib\libnutarch.a(at91init.o)
 .glue_7t       0x000176ac        0x0 C:/ethernut-4.7.4/nutbld/lib\libnutarch.a(ostimer_at91.o)
 .glue_7t       0x000176ac        0x0 C:/ethernut-4.7.4/nutbld/lib\libnutarch.a(ih_at91sys.o)
 .glue_7t       0x000176ac        0x0 C:/ethernut-4.7.4/nutbld/lib\libnutarch.a(ih_at91irq0.o)
 .glue_7t       0x000176ac        0x0 C:/ethernut-4.7.4/nutbld/lib\libnutarch.a(ih_at91uart0.o)
 .glue_7t       0x000176ac        0x0 C:/ethernut-4.7.4/nutbld/lib\libnutdev.a(ihndlr.o)
 .glue_7t       0x000176ac        0x0 C:/ethernut-4.7.4/nutbld/lib\libnutdev.a(usart.o)
 .glue_7t       0x000176ac        0x0 C:/ethernut-4.7.4/nutbld/lib\libnutdev.a(netbuf.o)
 .glue_7t       0x000176ac        0x0 C:/ethernut-4.7.4/nutbld/lib\libnutdev.a(at45db.o)
 .glue_7t       0x000176ac        0x0 C:/ethernut-4.7.4/nutbld/lib\libnutos.a(heap.o)
 .glue_7t       0x000176ac        0x0 C:/ethernut-4.7.4/nutbld/lib\libnutos.a(thread.o)
 .glue_7t       0x000176ac        0x0 C:/ethernut-4.7.4/nutbld/lib\libnutos.a(timer.o)
 .glue_7t       0x000176ac        0x0 C:/ethernut-4.7.4/nutbld/lib\libnutos.a(event.o)
 .glue_7t       0x000176ac        0x0 C:/ethernut-4.7.4/nutbld/lib\libnutos.a(devreg.o)
 .glue_7t       0x000176ac        0x0 C:/ethernut-4.7.4/nutbld/lib\libnutcrt.a(ioctl.o)
 .glue_7t       0x000176ac        0x0 C:/ethernut-4.7.4/nutbld/lib\libnutcrt.a(fflush.o)
 .glue_7t       0x000176ac        0x0 C:/ethernut-4.7.4/nutbld/lib\libnutcrt.a(fileno.o)
 .glue_7t       0x000176ac        0x0 C:/ethernut-4.7.4/nutbld/lib\libnutcrt.a(fopen.o)
 .glue_7t       0x000176ac        0x0 C:/ethernut-4.7.4/nutbld/lib\libnutcrt.a(freopen.o)
 .glue_7t       0x000176ac        0x0 C:/ethernut-4.7.4/nutbld/lib\libnutcrt.a(getc.o)
 .glue_7t       0x000176ac        0x0 C:/ethernut-4.7.4/nutbld/lib\libnutcrt.a(getchar.o)
 .glue_7t       0x000176ac        0x0 C:/ethernut-4.7.4/nutbld/lib\libnutcrt.a(scanf.o)
 .glue_7t       0x000176ac        0x0 C:/ethernut-4.7.4/nutbld/lib\libnutcrt.a(vfscanf.o)
 .glue_7t       0x000176ac        0x0 C:/ethernut-4.7.4/nutbld/lib\libnutcrt.a(printf.o)
 .glue_7t       0x000176ac        0x0 C:/ethernut-4.7.4/nutbld/lib\libnutcrt.a(putchar.o)
 .glue_7t       0x000176ac        0x0 C:/ethernut-4.7.4/nutbld/lib\libnutcrt.a(puts.o)
 .glue_7t       0x000176ac        0x0 C:/ethernut-4.7.4/nutbld/lib\libnutcrt.a(vfprintf.o)
 .glue_7t       0x000176ac        0x0 C:/ethernut-4.7.4/nutbld/lib\libnutcrt.a(time.o)
 .glue_7t       0x000176ac        0x0 C:/ethernut-4.7.4/nutbld/lib\libnutcrt.a(errno.o)
 .glue_7t       0x000176ac        0x0 C:/ethernut-4.7.4/nutbld/lib\libnutcrt.a(malloc.o)
 .glue_7t       0x000176ac        0x0 C:/ethernut-4.7.4/nutbld/lib\libnutcrt.a(open.o)
 .glue_7t       0x000176ac        0x0 C:/ethernut-4.7.4/nutbld/lib\libnutcrt.a(getf.o)
 .glue_7t       0x000176ac        0x0 C:/ethernut-4.7.4/nutbld/lib\libnutcrt.a(read.o)
 .glue_7t       0x000176ac        0x0 C:/ethernut-4.7.4/nutbld/lib\libnutcrt.a(putf.o)
 .glue_7t       0x000176ac        0x0 C:/ethernut-4.7.4/nutbld/lib\libnutcrt.a(write.o)
 .glue_7t       0x000176ac        0x0 C:/ethernut-4.7.4/nutbld/lib\libnutcrt.a(fmode.o)
 .glue_7t       0x000176ac        0x0 C:/ethernut-4.7.4/nutbld/lib\libnutcrt.a(fgetc.o)
 .glue_7t       0x000176ac        0x0 C:/ethernut-4.7.4/nutbld/lib\libnutcrt.a(fputc.o)
 .glue_7t       0x000176ac        0x0 C:/ethernut-4.7.4/nutbld/lib\libnutcrt.a(fputs.o)
 .glue_7t       0x000176ac        0x0 C:/ethernut-4.7.4/nutbld/lib\libnutcrt.a(gmtime.o)
 .glue_7t       0x000176ac        0x0 C:/ethernut-4.7.4/nutbld/lib\libnutcrt.a(mktime.o)
 .glue_7t       0x000176ac        0x0 C:/ethernut-4.7.4/nutbld/lib\libnutcrt.a(tzset.o)
 .glue_7t       0x000176ac        0x0 C:/ethernut-4.7.4/nutbld/lib\libnutcrt.a(localtim.o)
 .glue_7t       0x000176ac        0x0 C:/ethernut-4.7.4/nutbld/lib\libnutnet.a(udpsock.o)
 .glue_7t       0x000176ac        0x0 C:/ethernut-4.7.4/nutbld/lib\libnutnet.a(ipdemux.o)
 .glue_7t       0x000176ac        0x0 C:/ethernut-4.7.4/nutbld/lib\libnutnet.a(inet.o)
 .glue_7t       0x000176ac        0x0 C:/ethernut-4.7.4/nutbld/lib\libnutnet.a(ethin.o)
 .glue_7t       0x000176ac        0x0 C:/ethernut-4.7.4/nutbld/lib\libnutnet.a(ethout.o)
 .glue_7t       0x000176ac        0x0 C:/ethernut-4.7.4/nutbld/lib\libnutnet.a(ifconfig.o)
 .glue_7t       0x000176ac        0x0 C:/ethernut-4.7.4/nutbld/lib\libnutnet.a(udpin.o)
 .glue_7t       0x000176ac        0x0 C:/ethernut-4.7.4/nutbld/lib\libnutnet.a(udpout.o)
 .glue_7t       0x000176ac        0x0 C:/ethernut-4.7.4/nutbld/lib\libnutnet.a(ipcsum.o)
 .glue_7t       0x000176ac        0x0 C:/ethernut-4.7.4/nutbld/lib\libnutnet.a(ipin.o)
 .glue_7t       0x000176ac        0x0 C:/ethernut-4.7.4/nutbld/lib\libnutnet.a(ipout.o)
 .glue_7t       0x000176ac        0x0 C:/ethernut-4.7.4/nutbld/lib\libnutnet.a(route.o)
 .glue_7t       0x000176ac        0x0 C:/ethernut-4.7.4/nutbld/lib\libnutnet.a(icmpin.o)
 .glue_7t       0x000176ac        0x0 C:/ethernut-4.7.4/nutbld/lib\libnutnet.a(icmpout.o)
 .glue_7t       0x000176ac        0x0 C:/ethernut-4.7.4/nutbld/lib\libnutnet.a(arpcache.o)
 .glue_7t       0x000176ac        0x0 C:/ethernut-4.7.4/nutbld/lib\libnutnet.a(arpin.o)
 .glue_7t       0x000176ac        0x0 C:/ethernut-4.7.4/nutbld/lib\libnutnet.a(arpout.o)
 .glue_7t       0x000176ac        0x0 C:/ethernut-4.7.4/nutbld/lib\libnutnet.a(tcpsm.o)
 .glue_7t       0x000176ac        0x0 C:/ethernut-4.7.4/nutbld/lib\libnutnet.a(tcpsock.o)
 .glue_7t       0x000176ac        0x0 C:/ethernut-4.7.4/nutbld/lib\libnutnet.a(tcputil.o)
 .glue_7t       0x000176ac        0x0 C:/ethernut-4.7.4/nutbld/lib\libnutnet.a(tcpin.o)
 .glue_7t       0x000176ac        0x0 C:/ethernut-4.7.4/nutbld/lib\libnutnet.a(tcpout.o)
 .glue_7t       0x000176ac        0x0 C:/ethernut-4.7.4/nutbld/lib\libnutdev.a(rtc.o)
 .glue_7t       0x000176ac        0x0 c:/program files/yagarto/bin/../lib/gcc/arm-elf/4.3.2\libgcc.a(_udivsi3.o)
 .glue_7t       0x000176ac        0x0 c:/program files/yagarto/bin/../lib/gcc/arm-elf/4.3.2\libgcc.a(_divsi3.o)
 .glue_7t       0x000176ac        0x0 c:/program files/yagarto/bin/../lib/gcc/arm-elf/4.3.2\libgcc.a(_umodsi3.o)
 .glue_7t       0x000176ac        0x0 c:/program files/yagarto/bin/../lib/gcc/arm-elf/4.3.2\libgcc.a(_modsi3.o)
 .glue_7t       0x000176ac        0x0 c:/program files/yagarto/bin/../lib/gcc/arm-elf/4.3.2\libgcc.a(_dvmd_tls.o)
 .glue_7t       0x000176ac        0x0 c:/program files/yagarto/bin/../lib/gcc/arm-elf/4.3.2/../../../../arm-elf/lib\libc.a(lib_a-ctype_.o)
 .glue_7t       0x000176ac        0x0 c:/program files/yagarto/bin/../lib/gcc/arm-elf/4.3.2/../../../../arm-elf/lib\libc.a(lib_a-memchr.o)
 .glue_7t       0x000176ac        0x0 c:/program files/yagarto/bin/../lib/gcc/arm-elf/4.3.2/../../../../arm-elf/lib\libc.a(lib_a-memcmp.o)
 .glue_7t       0x000176ac        0x0 c:/program files/yagarto/bin/../lib/gcc/arm-elf/4.3.2/../../../../arm-elf/lib\libc.a(lib_a-memcpy.o)
 .glue_7t       0x000176ac        0x0 c:/program files/yagarto/bin/../lib/gcc/arm-elf/4.3.2/../../../../arm-elf/lib\libc.a(lib_a-memmove.o)
 .glue_7t       0x000176ac        0x0 c:/program files/yagarto/bin/../lib/gcc/arm-elf/4.3.2/../../../../arm-elf/lib\libc.a(lib_a-memset.o)
 .glue_7t       0x000176ac        0x0 c:/program files/yagarto/bin/../lib/gcc/arm-elf/4.3.2/../../../../arm-elf/lib\libc.a(lib_a-rand.o)
 .glue_7t       0x000176ac        0x0 c:/program files/yagarto/bin/../lib/gcc/arm-elf/4.3.2/../../../../arm-elf/lib\libc.a(lib_a-strcmp.o)
 .glue_7t       0x000176ac        0x0 c:/program files/yagarto/bin/../lib/gcc/arm-elf/4.3.2/../../../../arm-elf/lib\libc.a(lib_a-strcpy.o)
 .glue_7t       0x000176ac        0x0 c:/program files/yagarto/bin/../lib/gcc/arm-elf/4.3.2/../../../../arm-elf/lib\libc.a(lib_a-strlen.o)
 .glue_7t       0x000176ac        0x0 c:/program files/yagarto/bin/../lib/gcc/arm-elf/4.3.2/../../../../arm-elf/lib\libc.a(lib_a-strtol.o)
 .glue_7t       0x000176ac        0x0 c:/program files/yagarto/bin/../lib/gcc/arm-elf/4.3.2/../../../../arm-elf/lib\libc.a(lib_a-system.o)
 .glue_7t       0x000176ac        0x0 c:/program files/yagarto/bin/../lib/gcc/arm-elf/4.3.2/../../../../arm-elf/lib\libc.a(lib_a-errno.o)
 .glue_7t       0x000176ac        0x0 c:/program files/yagarto/bin/../lib/gcc/arm-elf/4.3.2/../../../../arm-elf/lib\libc.a(lib_a-impure.o)
                0x000176ac                . = ALIGN (0x4)
 *(.glue_7)
 .glue_7        0x000176ac        0x0 C:/ethernut-4.7.4/nutbld/lib\crtat91sam7se512_rom.o
 .glue_7        0x000176ac        0x0 main.o
 .glue_7        0x000176ac        0x0 laiva.o
 .glue_7        0x000176ac        0x0 verkko.o
 .glue_7        0x000176ac        0x0 ioBoard.o
 .glue_7        0x000176ac        0x0 puheentunnistus.o
 .glue_7        0x000176ac        0x0 config.o
 .glue_7        0x000176ac        0x0 vsutils.o
 .glue_7        0x000176ac        0x0 fix_fft.o
 .glue_7        0x000176ac        0x0 C:/ethernut-4.7.4/nutbld/lib/nutinit.o
 .glue_7        0x000176ac        0x0 C:/ethernut-4.7.4/nutbld/lib\libnutarch.a(context.o)
 .glue_7        0x000176ac        0x0 C:/ethernut-4.7.4/nutbld/lib\libnutarch.a(usart0at91.o)
 .glue_7        0x000176ac        0x0 C:/ethernut-4.7.4/nutbld/lib\libnutarch.a(dm9000e.o)
 .glue_7        0x000176ac        0x0 C:/ethernut-4.7.4/nutbld/lib\libnutarch.a(at91init.o)
 .glue_7        0x000176ac        0x0 C:/ethernut-4.7.4/nutbld/lib\libnutarch.a(ostimer_at91.o)
 .glue_7        0x000176ac        0x0 C:/ethernut-4.7.4/nutbld/lib\libnutarch.a(ih_at91sys.o)
 .glue_7        0x000176ac        0x0 C:/ethernut-4.7.4/nutbld/lib\libnutarch.a(ih_at91irq0.o)
 .glue_7        0x000176ac        0x0 C:/ethernut-4.7.4/nutbld/lib\libnutarch.a(ih_at91uart0.o)
 .glue_7        0x000176ac        0x0 C:/ethernut-4.7.4/nutbld/lib\libnutdev.a(ihndlr.o)
 .glue_7        0x000176ac        0x0 C:/ethernut-4.7.4/nutbld/lib\libnutdev.a(usart.o)
 .glue_7        0x000176ac        0x0 C:/ethernut-4.7.4/nutbld/lib\libnutdev.a(netbuf.o)
 .glue_7        0x000176ac        0x0 C:/ethernut-4.7.4/nutbld/lib\libnutdev.a(at45db.o)
 .glue_7        0x000176ac        0x0 C:/ethernut-4.7.4/nutbld/lib\libnutos.a(heap.o)
 .glue_7        0x000176ac        0x0 C:/ethernut-4.7.4/nutbld/lib\libnutos.a(thread.o)
 .glue_7        0x000176ac        0x0 C:/ethernut-4.7.4/nutbld/lib\libnutos.a(timer.o)
 .glue_7        0x000176ac        0x0 C:/ethernut-4.7.4/nutbld/lib\libnutos.a(event.o)
 .glue_7        0x000176ac        0x0 C:/ethernut-4.7.4/nutbld/lib\libnutos.a(devreg.o)
 .glue_7        0x000176ac        0x0 C:/ethernut-4.7.4/nutbld/lib\libnutcrt.a(ioctl.o)
 .glue_7        0x000176ac        0x0 C:/ethernut-4.7.4/nutbld/lib\libnutcrt.a(fflush.o)
 .glue_7        0x000176ac        0x0 C:/ethernut-4.7.4/nutbld/lib\libnutcrt.a(fileno.o)
 .glue_7        0x000176ac        0x0 C:/ethernut-4.7.4/nutbld/lib\libnutcrt.a(fopen.o)
 .glue_7        0x000176ac        0x0 C:/ethernut-4.7.4/nutbld/lib\libnutcrt.a(freopen.o)
 .glue_7        0x000176ac        0x0 C:/ethernut-4.7.4/nutbld/lib\libnutcrt.a(getc.o)
 .glue_7        0x000176ac        0x0 C:/ethernut-4.7.4/nutbld/lib\libnutcrt.a(getchar.o)
 .glue_7        0x000176ac        0x0 C:/ethernut-4.7.4/nutbld/lib\libnutcrt.a(scanf.o)
 .glue_7        0x000176ac        0x0 C:/ethernut-4.7.4/nutbld/lib\libnutcrt.a(vfscanf.o)
 .glue_7        0x000176ac        0x0 C:/ethernut-4.7.4/nutbld/lib\libnutcrt.a(printf.o)
 .glue_7        0x000176ac        0x0 C:/ethernut-4.7.4/nutbld/lib\libnutcrt.a(putchar.o)
 .glue_7        0x000176ac        0x0 C:/ethernut-4.7.4/nutbld/lib\libnutcrt.a(puts.o)
 .glue_7        0x000176ac        0x0 C:/ethernut-4.7.4/nutbld/lib\libnutcrt.a(vfprintf.o)
 .glue_7        0x000176ac        0x0 C:/ethernut-4.7.4/nutbld/lib\libnutcrt.a(time.o)
 .glue_7        0x000176ac        0x0 C:/ethernut-4.7.4/nutbld/lib\libnutcrt.a(errno.o)
 .glue_7        0x000176ac        0x0 C:/ethernut-4.7.4/nutbld/lib\libnutcrt.a(malloc.o)
 .glue_7        0x000176ac        0x0 C:/ethernut-4.7.4/nutbld/lib\libnutcrt.a(open.o)
 .glue_7        0x000176ac        0x0 C:/ethernut-4.7.4/nutbld/lib\libnutcrt.a(getf.o)
 .glue_7        0x000176ac        0x0 C:/ethernut-4.7.4/nutbld/lib\libnutcrt.a(read.o)
 .glue_7        0x000176ac        0x0 C:/ethernut-4.7.4/nutbld/lib\libnutcrt.a(putf.o)
 .glue_7        0x000176ac        0x0 C:/ethernut-4.7.4/nutbld/lib\libnutcrt.a(write.o)
 .glue_7        0x000176ac        0x0 C:/ethernut-4.7.4/nutbld/lib\libnutcrt.a(fmode.o)
 .glue_7        0x000176ac        0x0 C:/ethernut-4.7.4/nutbld/lib\libnutcrt.a(fgetc.o)
 .glue_7        0x000176ac        0x0 C:/ethernut-4.7.4/nutbld/lib\libnutcrt.a(fputc.o)
 .glue_7        0x000176ac        0x0 C:/ethernut-4.7.4/nutbld/lib\libnutcrt.a(fputs.o)
 .glue_7        0x000176ac        0x0 C:/ethernut-4.7.4/nutbld/lib\libnutcrt.a(gmtime.o)
 .glue_7        0x000176ac        0x0 C:/ethernut-4.7.4/nutbld/lib\libnutcrt.a(mktime.o)
 .glue_7        0x000176ac        0x0 C:/ethernut-4.7.4/nutbld/lib\libnutcrt.a(tzset.o)
 .glue_7        0x000176ac        0x0 C:/ethernut-4.7.4/nutbld/lib\libnutcrt.a(localtim.o)
 .glue_7        0x000176ac        0x0 C:/ethernut-4.7.4/nutbld/lib\libnutnet.a(udpsock.o)
 .glue_7        0x000176ac        0x0 C:/ethernut-4.7.4/nutbld/lib\libnutnet.a(ipdemux.o)
 .glue_7        0x000176ac        0x0 C:/ethernut-4.7.4/nutbld/lib\libnutnet.a(inet.o)
 .glue_7        0x000176ac        0x0 C:/ethernut-4.7.4/nutbld/lib\libnutnet.a(ethin.o)
 .glue_7        0x000176ac        0x0 C:/ethernut-4.7.4/nutbld/lib\libnutnet.a(ethout.o)
 .glue_7        0x000176ac        0x0 C:/ethernut-4.7.4/nutbld/lib\libnutnet.a(ifconfig.o)
 .glue_7        0x000176ac        0x0 C:/ethernut-4.7.4/nutbld/lib\libnutnet.a(udpin.o)
 .glue_7        0x000176ac        0x0 C:/ethernut-4.7.4/nutbld/lib\libnutnet.a(udpout.o)
 .glue_7        0x000176ac        0x0 C:/ethernut-4.7.4/nutbld/lib\libnutnet.a(ipcsum.o)
 .glue_7        0x000176ac        0x0 C:/ethernut-4.7.4/nutbld/lib\libnutnet.a(ipin.o)
 .glue_7        0x000176ac        0x0 C:/ethernut-4.7.4/nutbld/lib\libnutnet.a(ipout.o)
 .glue_7        0x000176ac        0x0 C:/ethernut-4.7.4/nutbld/lib\libnutnet.a(route.o)
 .glue_7        0x000176ac        0x0 C:/ethernut-4.7.4/nutbld/lib\libnutnet.a(icmpin.o)
 .glue_7        0x000176ac        0x0 C:/ethernut-4.7.4/nutbld/lib\libnutnet.a(icmpout.o)
 .glue_7        0x000176ac        0x0 C:/ethernut-4.7.4/nutbld/lib\libnutnet.a(arpcache.o)
 .glue_7        0x000176ac        0x0 C:/ethernut-4.7.4/nutbld/lib\libnutnet.a(arpin.o)
 .glue_7        0x000176ac        0x0 C:/ethernut-4.7.4/nutbld/lib\libnutnet.a(arpout.o)
 .glue_7        0x000176ac        0x0 C:/ethernut-4.7.4/nutbld/lib\libnutnet.a(tcpsm.o)
 .glue_7        0x000176ac        0x0 C:/ethernut-4.7.4/nutbld/lib\libnutnet.a(tcpsock.o)
 .glue_7        0x000176ac        0x0 C:/ethernut-4.7.4/nutbld/lib\libnutnet.a(tcputil.o)
 .glue_7        0x000176ac        0x0 C:/ethernut-4.7.4/nutbld/lib\libnutnet.a(tcpin.o)
 .glue_7        0x000176ac        0x0 C:/ethernut-4.7.4/nutbld/lib\libnutnet.a(tcpout.o)
 .glue_7        0x000176ac        0x0 C:/ethernut-4.7.4/nutbld/lib\libnutdev.a(rtc.o)
 .glue_7        0x000176ac        0x0 c:/program files/yagarto/bin/../lib/gcc/arm-elf/4.3.2\libgcc.a(_udivsi3.o)
 .glue_7        0x000176ac        0x0 c:/program files/yagarto/bin/../lib/gcc/arm-elf/4.3.2\libgcc.a(_divsi3.o)
 .glue_7        0x000176ac        0x0 c:/program files/yagarto/bin/../lib/gcc/arm-elf/4.3.2\libgcc.a(_umodsi3.o)
 .glue_7        0x000176ac        0x0 c:/program files/yagarto/bin/../lib/gcc/arm-elf/4.3.2\libgcc.a(_modsi3.o)
 .glue_7        0x000176ac        0x0 c:/program files/yagarto/bin/../lib/gcc/arm-elf/4.3.2\libgcc.a(_dvmd_tls.o)
 .glue_7        0x000176ac        0x0 c:/program files/yagarto/bin/../lib/gcc/arm-elf/4.3.2/../../../../arm-elf/lib\libc.a(lib_a-ctype_.o)
 .glue_7        0x000176ac        0x0 c:/program files/yagarto/bin/../lib/gcc/arm-elf/4.3.2/../../../../arm-elf/lib\libc.a(lib_a-memchr.o)
 .glue_7        0x000176ac        0x0 c:/program files/yagarto/bin/../lib/gcc/arm-elf/4.3.2/../../../../arm-elf/lib\libc.a(lib_a-memcmp.o)
 .glue_7        0x000176ac        0x0 c:/program files/yagarto/bin/../lib/gcc/arm-elf/4.3.2/../../../../arm-elf/lib\libc.a(lib_a-memcpy.o)
 .glue_7        0x000176ac        0x0 c:/program files/yagarto/bin/../lib/gcc/arm-elf/4.3.2/../../../../arm-elf/lib\libc.a(lib_a-memmove.o)
 .glue_7        0x000176ac        0x0 c:/program files/yagarto/bin/../lib/gcc/arm-elf/4.3.2/../../../../arm-elf/lib\libc.a(lib_a-memset.o)
 .glue_7        0x000176ac        0x0 c:/program files/yagarto/bin/../lib/gcc/arm-elf/4.3.2/../../../../arm-elf/lib\libc.a(lib_a-rand.o)
 .glue_7        0x000176ac        0x0 c:/program files/yagarto/bin/../lib/gcc/arm-elf/4.3.2/../../../../arm-elf/lib\libc.a(lib_a-strcmp.o)
 .glue_7        0x000176ac        0x0 c:/program files/yagarto/bin/../lib/gcc/arm-elf/4.3.2/../../../../arm-elf/lib\libc.a(lib_a-strcpy.o)
 .glue_7        0x000176ac        0x0 c:/program files/yagarto/bin/../lib/gcc/arm-elf/4.3.2/../../../../arm-elf/lib\libc.a(lib_a-strlen.o)
 .glue_7        0x000176ac        0x0 c:/program files/yagarto/bin/../lib/gcc/arm-elf/4.3.2/../../../../arm-elf/lib\libc.a(lib_a-strtol.o)
 .glue_7        0x000176ac        0x0 c:/program files/yagarto/bin/../lib/gcc/arm-elf/4.3.2/../../../../arm-elf/lib\libc.a(lib_a-system.o)
 .glue_7        0x000176ac        0x0 c:/program files/yagarto/bin/../lib/gcc/arm-elf/4.3.2/../../../../arm-elf/lib\libc.a(lib_a-errno.o)
 .glue_7        0x000176ac        0x0 c:/program files/yagarto/bin/../lib/gcc/arm-elf/4.3.2/../../../../arm-elf/lib\libc.a(lib_a-impure.o)

.vfp11_veneer   0x000176ac        0x0
 .vfp11_veneer  0x000176ac        0x0 C:/ethernut-4.7.4/nutbld/lib\crtat91sam7se512_rom.o
 .vfp11_veneer  0x000176ac        0x0 main.o
 .vfp11_veneer  0x000176ac        0x0 laiva.o
 .vfp11_veneer  0x000176ac        0x0 verkko.o
 .vfp11_veneer  0x000176ac        0x0 ioBoard.o
 .vfp11_veneer  0x000176ac        0x0 puheentunnistus.o
 .vfp11_veneer  0x000176ac        0x0 config.o
 .vfp11_veneer  0x000176ac        0x0 vsutils.o
 .vfp11_veneer  0x000176ac        0x0 fix_fft.o
 .vfp11_veneer  0x000176ac        0x0 C:/ethernut-4.7.4/nutbld/lib/nutinit.o
 .vfp11_veneer  0x000176ac        0x0 C:/ethernut-4.7.4/nutbld/lib\libnutarch.a(context.o)
 .vfp11_veneer  0x000176ac        0x0 C:/ethernut-4.7.4/nutbld/lib\libnutarch.a(usart0at91.o)
 .vfp11_veneer  0x000176ac        0x0 C:/ethernut-4.7.4/nutbld/lib\libnutarch.a(dm9000e.o)
 .vfp11_veneer  0x000176ac        0x0 C:/ethernut-4.7.4/nutbld/lib\libnutarch.a(at91init.o)
 .vfp11_veneer  0x000176ac        0x0 C:/ethernut-4.7.4/nutbld/lib\libnutarch.a(ostimer_at91.o)
 .vfp11_veneer  0x000176ac        0x0 C:/ethernut-4.7.4/nutbld/lib\libnutarch.a(ih_at91sys.o)
 .vfp11_veneer  0x000176ac        0x0 C:/ethernut-4.7.4/nutbld/lib\libnutarch.a(ih_at91irq0.o)
 .vfp11_veneer  0x000176ac        0x0 C:/ethernut-4.7.4/nutbld/lib\libnutarch.a(ih_at91uart0.o)
 .vfp11_veneer  0x000176ac        0x0 C:/ethernut-4.7.4/nutbld/lib\libnutdev.a(ihndlr.o)
 .vfp11_veneer  0x000176ac        0x0 C:/ethernut-4.7.4/nutbld/lib\libnutdev.a(usart.o)
 .vfp11_veneer  0x000176ac        0x0 C:/ethernut-4.7.4/nutbld/lib\libnutdev.a(netbuf.o)
 .vfp11_veneer  0x000176ac        0x0 C:/ethernut-4.7.4/nutbld/lib\libnutdev.a(at45db.o)
 .vfp11_veneer  0x000176ac        0x0 C:/ethernut-4.7.4/nutbld/lib\libnutos.a(heap.o)
 .vfp11_veneer  0x000176ac        0x0 C:/ethernut-4.7.4/nutbld/lib\libnutos.a(thread.o)
 .vfp11_veneer  0x000176ac        0x0 C:/ethernut-4.7.4/nutbld/lib\libnutos.a(timer.o)
 .vfp11_veneer  0x000176ac        0x0 C:/ethernut-4.7.4/nutbld/lib\libnutos.a(event.o)
 .vfp11_veneer  0x000176ac        0x0 C:/ethernut-4.7.4/nutbld/lib\libnutos.a(devreg.o)
 .vfp11_veneer  0x000176ac        0x0 C:/ethernut-4.7.4/nutbld/lib\libnutcrt.a(ioctl.o)
 .vfp11_veneer  0x000176ac        0x0 C:/ethernut-4.7.4/nutbld/lib\libnutcrt.a(fflush.o)
 .vfp11_veneer  0x000176ac        0x0 C:/ethernut-4.7.4/nutbld/lib\libnutcrt.a(fileno.o)
 .vfp11_veneer  0x000176ac        0x0 C:/ethernut-4.7.4/nutbld/lib\libnutcrt.a(fopen.o)
 .vfp11_veneer  0x000176ac        0x0 C:/ethernut-4.7.4/nutbld/lib\libnutcrt.a(freopen.o)
 .vfp11_veneer  0x000176ac        0x0 C:/ethernut-4.7.4/nutbld/lib\libnutcrt.a(getc.o)
 .vfp11_veneer  0x000176ac        0x0 C:/ethernut-4.7.4/nutbld/lib\libnutcrt.a(getchar.o)
 .vfp11_veneer  0x000176ac        0x0 C:/ethernut-4.7.4/nutbld/lib\libnutcrt.a(scanf.o)
 .vfp11_veneer  0x000176ac        0x0 C:/ethernut-4.7.4/nutbld/lib\libnutcrt.a(vfscanf.o)
 .vfp11_veneer  0x000176ac        0x0 C:/ethernut-4.7.4/nutbld/lib\libnutcrt.a(printf.o)
 .vfp11_veneer  0x000176ac        0x0 C:/ethernut-4.7.4/nutbld/lib\libnutcrt.a(putchar.o)
 .vfp11_veneer  0x000176ac        0x0 C:/ethernut-4.7.4/nutbld/lib\libnutcrt.a(puts.o)
 .vfp11_veneer  0x000176ac        0x0 C:/ethernut-4.7.4/nutbld/lib\libnutcrt.a(vfprintf.o)
 .vfp11_veneer  0x000176ac        0x0 C:/ethernut-4.7.4/nutbld/lib\libnutcrt.a(time.o)
 .vfp11_veneer  0x000176ac        0x0 C:/ethernut-4.7.4/nutbld/lib\libnutcrt.a(errno.o)
 .vfp11_veneer  0x000176ac        0x0 C:/ethernut-4.7.4/nutbld/lib\libnutcrt.a(malloc.o)
 .vfp11_veneer  0x000176ac        0x0 C:/ethernut-4.7.4/nutbld/lib\libnutcrt.a(open.o)
 .vfp11_veneer  0x000176ac        0x0 C:/ethernut-4.7.4/nutbld/lib\libnutcrt.a(getf.o)
 .vfp11_veneer  0x000176ac        0x0 C:/ethernut-4.7.4/nutbld/lib\libnutcrt.a(read.o)
 .vfp11_veneer  0x000176ac        0x0 C:/ethernut-4.7.4/nutbld/lib\libnutcrt.a(putf.o)
 .vfp11_veneer  0x000176ac        0x0 C:/ethernut-4.7.4/nutbld/lib\libnutcrt.a(write.o)
 .vfp11_veneer  0x000176ac        0x0 C:/ethernut-4.7.4/nutbld/lib\libnutcrt.a(fmode.o)
 .vfp11_veneer  0x000176ac        0x0 C:/ethernut-4.7.4/nutbld/lib\libnutcrt.a(fgetc.o)
 .vfp11_veneer  0x000176ac        0x0 C:/ethernut-4.7.4/nutbld/lib\libnutcrt.a(fputc.o)
 .vfp11_veneer  0x000176ac        0x0 C:/ethernut-4.7.4/nutbld/lib\libnutcrt.a(fputs.o)
 .vfp11_veneer  0x000176ac        0x0 C:/ethernut-4.7.4/nutbld/lib\libnutcrt.a(gmtime.o)
 .vfp11_veneer  0x000176ac        0x0 C:/ethernut-4.7.4/nutbld/lib\libnutcrt.a(mktime.o)
 .vfp11_veneer  0x000176ac        0x0 C:/ethernut-4.7.4/nutbld/lib\libnutcrt.a(tzset.o)
 .vfp11_veneer  0x000176ac        0x0 C:/ethernut-4.7.4/nutbld/lib\libnutcrt.a(localtim.o)
 .vfp11_veneer  0x000176ac        0x0 C:/ethernut-4.7.4/nutbld/lib\libnutnet.a(udpsock.o)
 .vfp11_veneer  0x000176ac        0x0 C:/ethernut-4.7.4/nutbld/lib\libnutnet.a(ipdemux.o)
 .vfp11_veneer  0x000176ac        0x0 C:/ethernut-4.7.4/nutbld/lib\libnutnet.a(inet.o)
 .vfp11_veneer  0x000176ac        0x0 C:/ethernut-4.7.4/nutbld/lib\libnutnet.a(ethin.o)
 .vfp11_veneer  0x000176ac        0x0 C:/ethernut-4.7.4/nutbld/lib\libnutnet.a(ethout.o)
 .vfp11_veneer  0x000176ac        0x0 C:/ethernut-4.7.4/nutbld/lib\libnutnet.a(ifconfig.o)
 .vfp11_veneer  0x000176ac        0x0 C:/ethernut-4.7.4/nutbld/lib\libnutnet.a(udpin.o)
 .vfp11_veneer  0x000176ac        0x0 C:/ethernut-4.7.4/nutbld/lib\libnutnet.a(udpout.o)
 .vfp11_veneer  0x000176ac        0x0 C:/ethernut-4.7.4/nutbld/lib\libnutnet.a(ipcsum.o)
 .vfp11_veneer  0x000176ac        0x0 C:/ethernut-4.7.4/nutbld/lib\libnutnet.a(ipin.o)
 .vfp11_veneer  0x000176ac        0x0 C:/ethernut-4.7.4/nutbld/lib\libnutnet.a(ipout.o)
 .vfp11_veneer  0x000176ac        0x0 C:/ethernut-4.7.4/nutbld/lib\libnutnet.a(route.o)
 .vfp11_veneer  0x000176ac        0x0 C:/ethernut-4.7.4/nutbld/lib\libnutnet.a(icmpin.o)
 .vfp11_veneer  0x000176ac        0x0 C:/ethernut-4.7.4/nutbld/lib\libnutnet.a(icmpout.o)
 .vfp11_veneer  0x000176ac        0x0 C:/ethernut-4.7.4/nutbld/lib\libnutnet.a(arpcache.o)
 .vfp11_veneer  0x000176ac        0x0 C:/ethernut-4.7.4/nutbld/lib\libnutnet.a(arpin.o)
 .vfp11_veneer  0x000176ac        0x0 C:/ethernut-4.7.4/nutbld/lib\libnutnet.a(arpout.o)
 .vfp11_veneer  0x000176ac        0x0 C:/ethernut-4.7.4/nutbld/lib\libnutnet.a(tcpsm.o)
 .vfp11_veneer  0x000176ac        0x0 C:/ethernut-4.7.4/nutbld/lib\libnutnet.a(tcpsock.o)
 .vfp11_veneer  0x000176ac        0x0 C:/ethernut-4.7.4/nutbld/lib\libnutnet.a(tcputil.o)
 .vfp11_veneer  0x000176ac        0x0 C:/ethernut-4.7.4/nutbld/lib\libnutnet.a(tcpin.o)
 .vfp11_veneer  0x000176ac        0x0 C:/ethernut-4.7.4/nutbld/lib\libnutnet.a(tcpout.o)
 .vfp11_veneer  0x000176ac        0x0 C:/ethernut-4.7.4/nutbld/lib\libnutdev.a(rtc.o)
 .vfp11_veneer  0x000176ac        0x0 c:/program files/yagarto/bin/../lib/gcc/arm-elf/4.3.2\libgcc.a(_udivsi3.o)
 .vfp11_veneer  0x000176ac        0x0 c:/program files/yagarto/bin/../lib/gcc/arm-elf/4.3.2\libgcc.a(_divsi3.o)
 .vfp11_veneer  0x000176ac        0x0 c:/program files/yagarto/bin/../lib/gcc/arm-elf/4.3.2\libgcc.a(_umodsi3.o)
 .vfp11_veneer  0x000176ac        0x0 c:/program files/yagarto/bin/../lib/gcc/arm-elf/4.3.2\libgcc.a(_modsi3.o)
 .vfp11_veneer  0x000176ac        0x0 c:/program files/yagarto/bin/../lib/gcc/arm-elf/4.3.2\libgcc.a(_dvmd_tls.o)
 .vfp11_veneer  0x000176ac        0x0 c:/program files/yagarto/bin/../lib/gcc/arm-elf/4.3.2/../../../../arm-elf/lib\libc.a(lib_a-ctype_.o)
 .vfp11_veneer  0x000176ac        0x0 c:/program files/yagarto/bin/../lib/gcc/arm-elf/4.3.2/../../../../arm-elf/lib\libc.a(lib_a-memchr.o)
 .vfp11_veneer  0x000176ac        0x0 c:/program files/yagarto/bin/../lib/gcc/arm-elf/4.3.2/../../../../arm-elf/lib\libc.a(lib_a-memcmp.o)
 .vfp11_veneer  0x000176ac        0x0 c:/program files/yagarto/bin/../lib/gcc/arm-elf/4.3.2/../../../../arm-elf/lib\libc.a(lib_a-memcpy.o)
 .vfp11_veneer  0x000176ac        0x0 c:/program files/yagarto/bin/../lib/gcc/arm-elf/4.3.2/../../../../arm-elf/lib\libc.a(lib_a-memmove.o)
 .vfp11_veneer  0x000176ac        0x0 c:/program files/yagarto/bin/../lib/gcc/arm-elf/4.3.2/../../../../arm-elf/lib\libc.a(lib_a-memset.o)
 .vfp11_veneer  0x000176ac        0x0 c:/program files/yagarto/bin/../lib/gcc/arm-elf/4.3.2/../../../../arm-elf/lib\libc.a(lib_a-rand.o)
 .vfp11_veneer  0x000176ac        0x0 c:/program files/yagarto/bin/../lib/gcc/arm-elf/4.3.2/../../../../arm-elf/lib\libc.a(lib_a-strcmp.o)
 .vfp11_veneer  0x000176ac        0x0 c:/program files/yagarto/bin/../lib/gcc/arm-elf/4.3.2/../../../../arm-elf/lib\libc.a(lib_a-strcpy.o)
 .vfp11_veneer  0x000176ac        0x0 c:/program files/yagarto/bin/../lib/gcc/arm-elf/4.3.2/../../../../arm-elf/lib\libc.a(lib_a-strlen.o)
 .vfp11_veneer  0x000176ac        0x0 c:/program files/yagarto/bin/../lib/gcc/arm-elf/4.3.2/../../../../arm-elf/lib\libc.a(lib_a-strtol.o)
 .vfp11_veneer  0x000176ac        0x0 c:/program files/yagarto/bin/../lib/gcc/arm-elf/4.3.2/../../../../arm-elf/lib\libc.a(lib_a-system.o)
 .vfp11_veneer  0x000176ac        0x0 c:/program files/yagarto/bin/../lib/gcc/arm-elf/4.3.2/../../../../arm-elf/lib\libc.a(lib_a-errno.o)
 .vfp11_veneer  0x000176ac        0x0 c:/program files/yagarto/bin/../lib/gcc/arm-elf/4.3.2/../../../../arm-elf/lib\libc.a(lib_a-impure.o)
                0x000176ac                . = ALIGN (0x4)
                0x000176ac                _etext = .
                0x000176ac                PROVIDE (__etext, .)

.data           0x20000000     0x4498 load address 0x000176ac
                0x20000000                PROVIDE (__data_start, .)
 *(.data)
 .data          0x20000000        0x0 C:/ethernut-4.7.4/nutbld/lib\crtat91sam7se512_rom.o
 .data          0x20000000     0x335c main.o
 .data          0x2000335c        0x0 laiva.o
 .data          0x2000335c        0x0 verkko.o
 .data          0x2000335c        0x0 ioBoard.o
 .data          0x2000335c      0x400 puheentunnistus.o
                0x2000335c                hamming10000
 .data          0x2000375c        0x4 config.o
 .data          0x20003760        0x0 vsutils.o
 .data          0x20003760      0x600 fix_fft.o
                0x20003760                Sinewave
 .data          0x20003d60        0x0 C:/ethernut-4.7.4/nutbld/lib/nutinit.o
 .data          0x20003d60        0x0 C:/ethernut-4.7.4/nutbld/lib\libnutarch.a(context.o)
 .data          0x20003d60       0xe0 C:/ethernut-4.7.4/nutbld/lib\libnutarch.a(usart0at91.o)
                0x20003d60                devUsartAt910
 .data          0x20003e40       0x78 C:/ethernut-4.7.4/nutbld/lib\libnutarch.a(dm9000e.o)
                0x20003e40                devDM9000E
 .data          0x20003eb8        0x0 C:/ethernut-4.7.4/nutbld/lib\libnutarch.a(at91init.o)
 .data          0x20003eb8        0x0 C:/ethernut-4.7.4/nutbld/lib\libnutarch.a(ostimer_at91.o)
 .data          0x20003eb8        0xc C:/ethernut-4.7.4/nutbld/lib\libnutarch.a(ih_at91sys.o)
                0x20003eb8                sig_SYS
 .data          0x20003ec4        0xc C:/ethernut-4.7.4/nutbld/lib\libnutarch.a(ih_at91irq0.o)
                0x20003ec4                sig_INTERRUPT0
 .data          0x20003ed0        0xc C:/ethernut-4.7.4/nutbld/lib\libnutarch.a(ih_at91uart0.o)
                0x20003ed0                sig_UART0
 .data          0x20003edc        0x0 C:/ethernut-4.7.4/nutbld/lib\libnutdev.a(ihndlr.o)
 .data          0x20003edc        0x0 C:/ethernut-4.7.4/nutbld/lib\libnutdev.a(usart.o)
 .data          0x20003edc        0x0 C:/ethernut-4.7.4/nutbld/lib\libnutdev.a(netbuf.o)
 .data          0x20003edc       0x84 C:/ethernut-4.7.4/nutbld/lib\libnutdev.a(at45db.o)
                0x20003edc                at45_devt
 .data          0x20003f60        0x0 C:/ethernut-4.7.4/nutbld/lib\libnutos.a(heap.o)
 .data          0x20003f60        0x0 C:/ethernut-4.7.4/nutbld/lib\libnutos.a(thread.o)
 .data          0x20003f60        0x0 C:/ethernut-4.7.4/nutbld/lib\libnutos.a(timer.o)
 .data          0x20003f60        0x0 C:/ethernut-4.7.4/nutbld/lib\libnutos.a(event.o)
 .data          0x20003f60        0x0 C:/ethernut-4.7.4/nutbld/lib\libnutos.a(devreg.o)
 .data          0x20003f60        0x0 C:/ethernut-4.7.4/nutbld/lib\libnutcrt.a(ioctl.o)
 .data          0x20003f60        0x0 C:/ethernut-4.7.4/nutbld/lib\libnutcrt.a(fflush.o)
 .data          0x20003f60        0x0 C:/ethernut-4.7.4/nutbld/lib\libnutcrt.a(fileno.o)
 .data          0x20003f60       0x80 C:/ethernut-4.7.4/nutbld/lib\libnutcrt.a(fopen.o)
                0x20003f60                __iob
 .data          0x20003fe0        0x0 C:/ethernut-4.7.4/nutbld/lib\libnutcrt.a(freopen.o)
 .data          0x20003fe0        0x0 C:/ethernut-4.7.4/nutbld/lib\libnutcrt.a(getc.o)
 .data          0x20003fe0        0x0 C:/ethernut-4.7.4/nutbld/lib\libnutcrt.a(getchar.o)
 .data          0x20003fe0        0x0 C:/ethernut-4.7.4/nutbld/lib\libnutcrt.a(scanf.o)
 .data          0x20003fe0        0x0 C:/ethernut-4.7.4/nutbld/lib\libnutcrt.a(vfscanf.o)
 .data          0x20003fe0        0x0 C:/ethernut-4.7.4/nutbld/lib\libnutcrt.a(printf.o)
 .data          0x20003fe0        0x0 C:/ethernut-4.7.4/nutbld/lib\libnutcrt.a(putchar.o)
 .data          0x20003fe0        0x0 C:/ethernut-4.7.4/nutbld/lib\libnutcrt.a(puts.o)
 .data          0x20003fe0        0x0 C:/ethernut-4.7.4/nutbld/lib\libnutcrt.a(vfprintf.o)
 .data          0x20003fe0        0x0 C:/ethernut-4.7.4/nutbld/lib\libnutcrt.a(time.o)
 .data          0x20003fe0        0x0 C:/ethernut-4.7.4/nutbld/lib\libnutcrt.a(errno.o)
 .data          0x20003fe0        0x0 C:/ethernut-4.7.4/nutbld/lib\libnutcrt.a(malloc.o)
 .data          0x20003fe0        0x0 C:/ethernut-4.7.4/nutbld/lib\libnutcrt.a(open.o)
 .data          0x20003fe0        0x0 C:/ethernut-4.7.4/nutbld/lib\libnutcrt.a(getf.o)
 .data          0x20003fe0        0x0 C:/ethernut-4.7.4/nutbld/lib\libnutcrt.a(read.o)
 .data          0x20003fe0       0x20 C:/ethernut-4.7.4/nutbld/lib\libnutcrt.a(putf.o)
 .data          0x20004000        0x0 C:/ethernut-4.7.4/nutbld/lib\libnutcrt.a(write.o)
 .data          0x20004000        0x0 C:/ethernut-4.7.4/nutbld/lib\libnutcrt.a(fmode.o)
 .data          0x20004000        0x0 C:/ethernut-4.7.4/nutbld/lib\libnutcrt.a(fgetc.o)
 .data          0x20004000        0x0 C:/ethernut-4.7.4/nutbld/lib\libnutcrt.a(fputc.o)
 .data          0x20004000        0x0 C:/ethernut-4.7.4/nutbld/lib\libnutcrt.a(fputs.o)
 .data          0x20004000       0x68 C:/ethernut-4.7.4/nutbld/lib\libnutcrt.a(gmtime.o)
                0x20004000                _lpdays
                0x20004034                _days
 .data          0x20004068        0x0 C:/ethernut-4.7.4/nutbld/lib\libnutcrt.a(mktime.o)
 .data          0x20004068       0x24 C:/ethernut-4.7.4/nutbld/lib\libnutcrt.a(tzset.o)
                0x20004068                _daylight
                0x2000406c                _dstbias
                0x20004070                _timezone
 .data          0x2000408c        0x0 C:/ethernut-4.7.4/nutbld/lib\libnutcrt.a(localtim.o)
 .data          0x2000408c        0x2 C:/ethernut-4.7.4/nutbld/lib\libnutnet.a(udpsock.o)
 .data          0x2000408e        0x0 C:/ethernut-4.7.4/nutbld/lib\libnutnet.a(ipdemux.o)
 .data          0x2000408e        0x0 C:/ethernut-4.7.4/nutbld/lib\libnutnet.a(inet.o)
 .data          0x2000408e        0x0 C:/ethernut-4.7.4/nutbld/lib\libnutnet.a(ethin.o)
 .data          0x2000408e        0x0 C:/ethernut-4.7.4/nutbld/lib\libnutnet.a(ethout.o)
 .data          0x2000408e        0x0 C:/ethernut-4.7.4/nutbld/lib\libnutnet.a(ifconfig.o)
 .data          0x2000408e        0x0 C:/ethernut-4.7.4/nutbld/lib\libnutnet.a(udpin.o)
 .data          0x2000408e        0x0 C:/ethernut-4.7.4/nutbld/lib\libnutnet.a(udpout.o)
 .data          0x2000408e        0x0 C:/ethernut-4.7.4/nutbld/lib\libnutnet.a(ipcsum.o)
 .data          0x2000408e        0x0 C:/ethernut-4.7.4/nutbld/lib\libnutnet.a(ipin.o)
 .data          0x2000408e        0x0 C:/ethernut-4.7.4/nutbld/lib\libnutnet.a(ipout.o)
 .data          0x2000408e        0x0 C:/ethernut-4.7.4/nutbld/lib\libnutnet.a(route.o)
 .data          0x2000408e        0x0 C:/ethernut-4.7.4/nutbld/lib\libnutnet.a(icmpin.o)
 .data          0x2000408e        0x0 C:/ethernut-4.7.4/nutbld/lib\libnutnet.a(icmpout.o)
 .data          0x2000408e        0x0 C:/ethernut-4.7.4/nutbld/lib\libnutnet.a(arpcache.o)
 .data          0x2000408e        0x0 C:/ethernut-4.7.4/nutbld/lib\libnutnet.a(arpin.o)
 .data          0x2000408e        0x0 C:/ethernut-4.7.4/nutbld/lib\libnutnet.a(arpout.o)
 .data          0x2000408e        0x0 C:/ethernut-4.7.4/nutbld/lib\libnutnet.a(tcpsm.o)
 .data          0x2000408e        0x2 C:/ethernut-4.7.4/nutbld/lib\libnutnet.a(tcpsock.o)
 .data          0x20004090        0x0 C:/ethernut-4.7.4/nutbld/lib\libnutnet.a(tcputil.o)
 .data          0x20004090        0x0 C:/ethernut-4.7.4/nutbld/lib\libnutnet.a(tcpin.o)
 .data          0x20004090        0x0 C:/ethernut-4.7.4/nutbld/lib\libnutnet.a(tcpout.o)
 .data          0x20004090        0x0 C:/ethernut-4.7.4/nutbld/lib\libnutdev.a(rtc.o)
 .data          0x20004090        0x0 c:/program files/yagarto/bin/../lib/gcc/arm-elf/4.3.2\libgcc.a(_udivsi3.o)
 .data          0x20004090        0x0 c:/program files/yagarto/bin/../lib/gcc/arm-elf/4.3.2\libgcc.a(_divsi3.o)
 .data          0x20004090        0x0 c:/program files/yagarto/bin/../lib/gcc/arm-elf/4.3.2\libgcc.a(_umodsi3.o)
 .data          0x20004090        0x0 c:/program files/yagarto/bin/../lib/gcc/arm-elf/4.3.2\libgcc.a(_modsi3.o)
 .data          0x20004090        0x0 c:/program files/yagarto/bin/../lib/gcc/arm-elf/4.3.2\libgcc.a(_dvmd_tls.o)
 .data          0x20004090        0x4 c:/program files/yagarto/bin/../lib/gcc/arm-elf/4.3.2/../../../../arm-elf/lib\libc.a(lib_a-ctype_.o)
                0x20004090                __ctype_ptr
 .data          0x20004094        0x0 c:/program files/yagarto/bin/../lib/gcc/arm-elf/4.3.2/../../../../arm-elf/lib\libc.a(lib_a-memchr.o)
 .data          0x20004094        0x0 c:/program files/yagarto/bin/../lib/gcc/arm-elf/4.3.2/../../../../arm-elf/lib\libc.a(lib_a-memcmp.o)
 .data          0x20004094        0x0 c:/program files/yagarto/bin/../lib/gcc/arm-elf/4.3.2/../../../../arm-elf/lib\libc.a(lib_a-memcpy.o)
 .data          0x20004094        0x0 c:/program files/yagarto/bin/../lib/gcc/arm-elf/4.3.2/../../../../arm-elf/lib\libc.a(lib_a-memmove.o)
 .data          0x20004094        0x0 c:/program files/yagarto/bin/../lib/gcc/arm-elf/4.3.2/../../../../arm-elf/lib\libc.a(lib_a-memset.o)
 .data          0x20004094        0x0 c:/program files/yagarto/bin/../lib/gcc/arm-elf/4.3.2/../../../../arm-elf/lib\libc.a(lib_a-rand.o)
 .data          0x20004094        0x0 c:/program files/yagarto/bin/../lib/gcc/arm-elf/4.3.2/../../../../arm-elf/lib\libc.a(lib_a-strcmp.o)
 .data          0x20004094        0x0 c:/program files/yagarto/bin/../lib/gcc/arm-elf/4.3.2/../../../../arm-elf/lib\libc.a(lib_a-strcpy.o)
 .data          0x20004094        0x0 c:/program files/yagarto/bin/../lib/gcc/arm-elf/4.3.2/../../../../arm-elf/lib\libc.a(lib_a-strlen.o)
 .data          0x20004094        0x0 c:/program files/yagarto/bin/../lib/gcc/arm-elf/4.3.2/../../../../arm-elf/lib\libc.a(lib_a-strtol.o)
 .data          0x20004094        0x0 c:/program files/yagarto/bin/../lib/gcc/arm-elf/4.3.2/../../../../arm-elf/lib\libc.a(lib_a-system.o)
 .data          0x20004094        0x0 c:/program files/yagarto/bin/../lib/gcc/arm-elf/4.3.2/../../../../arm-elf/lib\libc.a(lib_a-errno.o)
 .data          0x20004094      0x404 c:/program files/yagarto/bin/../lib/gcc/arm-elf/4.3.2/../../../../arm-elf/lib\libc.a(lib_a-impure.o)
                0x20004094                _impure_ptr
                0x20004498                . = ALIGN (0x4)
                0x20004498                _edata = .
                0x20004498                PROVIDE (__data_end, .)

.bss            0x20004498    0x8c91c load address 0x0001bb44
                0x20004498                PROVIDE (__bss_start, .)
 *(.bss)
 .bss           0x20004498        0x0 C:/ethernut-4.7.4/nutbld/lib\crtat91sam7se512_rom.o
 .bss           0x20004498     0x301c main.o
                0x20004528                oppShotEffects
                0x20004514                oppSeaShotEffects
                0x200044b6                targetSeaShotY
                0x2000451e                seaShotEffects
                0x200044ec                ourCoord
                0x200044ea                length
                0x200044c0                targetOppSeaShotX
                0x20004498                temp
                0x200044d4                targetOppShotX
                0x200044ca                targetOppSeaShotY
                0x200044de                targetOppShotY
                0x200044e8                oneValue
                0x20004500                oppCoord
                0x200044ac                targetSeaShotX
 .bss           0x200074b4        0x0 laiva.o
 .bss           0x200074b4        0x0 verkko.o
 .bss           0x200074b4        0x0 ioBoard.o
 .bss           0x200074b4    0x87e54 puheentunnistus.o
 .bss           0x2008f308      0x430 config.o
 .bss           0x2008f738        0x0 vsutils.o
 .bss           0x2008f738        0x0 fix_fft.o
 .bss           0x2008f738        0x1 C:/ethernut-4.7.4/nutbld/lib/nutinit.o
                0x2008f738                ms62_5
 .bss           0x2008f739        0x0 C:/ethernut-4.7.4/nutbld/lib\libnutarch.a(context.o)
 *fill*         0x2008f739        0x3 00
 .bss           0x2008f73c       0x14 C:/ethernut-4.7.4/nutbld/lib\libnutarch.a(usart0at91.o)
 .bss           0x2008f750       0x1c C:/ethernut-4.7.4/nutbld/lib\libnutarch.a(dm9000e.o)
 .bss           0x2008f76c        0x0 C:/ethernut-4.7.4/nutbld/lib\libnutarch.a(at91init.o)
 .bss           0x2008f76c        0x0 C:/ethernut-4.7.4/nutbld/lib\libnutarch.a(ostimer_at91.o)
 .bss           0x2008f76c        0x0 C:/ethernut-4.7.4/nutbld/lib\libnutarch.a(ih_at91sys.o)
 .bss           0x2008f76c        0x0 C:/ethernut-4.7.4/nutbld/lib\libnutarch.a(ih_at91irq0.o)
 .bss           0x2008f76c        0x0 C:/ethernut-4.7.4/nutbld/lib\libnutarch.a(ih_at91uart0.o)
 .bss           0x2008f76c        0x0 C:/ethernut-4.7.4/nutbld/lib\libnutdev.a(ihndlr.o)
 .bss           0x2008f76c        0x0 C:/ethernut-4.7.4/nutbld/lib\libnutdev.a(usart.o)
 .bss           0x2008f76c        0x0 C:/ethernut-4.7.4/nutbld/lib\libnutdev.a(netbuf.o)
 .bss           0x2008f76c       0x18 C:/ethernut-4.7.4/nutbld/lib\libnutdev.a(at45db.o)
 .bss           0x2008f784        0x4 C:/ethernut-4.7.4/nutbld/lib\libnutos.a(heap.o)
 .bss           0x2008f788        0x0 C:/ethernut-4.7.4/nutbld/lib\libnutos.a(thread.o)
 .bss           0x2008f788        0x8 C:/ethernut-4.7.4/nutbld/lib\libnutos.a(timer.o)
 .bss           0x2008f790        0x0 C:/ethernut-4.7.4/nutbld/lib\libnutos.a(event.o)
 .bss           0x2008f790        0x4 C:/ethernut-4.7.4/nutbld/lib\libnutos.a(devreg.o)
                0x2008f790                nutDeviceList
 .bss           0x2008f794        0x0 C:/ethernut-4.7.4/nutbld/lib\libnutcrt.a(ioctl.o)
 .bss           0x2008f794        0x0 C:/ethernut-4.7.4/nutbld/lib\libnutcrt.a(fflush.o)
 .bss           0x2008f794        0x0 C:/ethernut-4.7.4/nutbld/lib\libnutcrt.a(fileno.o)
 .bss           0x2008f794        0x0 C:/ethernut-4.7.4/nutbld/lib\libnutcrt.a(fopen.o)
 .bss           0x2008f794        0x0 C:/ethernut-4.7.4/nutbld/lib\libnutcrt.a(freopen.o)
 .bss           0x2008f794        0x0 C:/ethernut-4.7.4/nutbld/lib\libnutcrt.a(getc.o)
 .bss           0x2008f794        0x0 C:/ethernut-4.7.4/nutbld/lib\libnutcrt.a(getchar.o)
 .bss           0x2008f794        0x0 C:/ethernut-4.7.4/nutbld/lib\libnutcrt.a(scanf.o)
 .bss           0x2008f794        0x0 C:/ethernut-4.7.4/nutbld/lib\libnutcrt.a(vfscanf.o)
 .bss           0x2008f794        0x0 C:/ethernut-4.7.4/nutbld/lib\libnutcrt.a(printf.o)
 .bss           0x2008f794        0x0 C:/ethernut-4.7.4/nutbld/lib\libnutcrt.a(putchar.o)
 .bss           0x2008f794        0x0 C:/ethernut-4.7.4/nutbld/lib\libnutcrt.a(puts.o)
 .bss           0x2008f794        0x0 C:/ethernut-4.7.4/nutbld/lib\libnutcrt.a(vfprintf.o)
 .bss           0x2008f794        0x4 C:/ethernut-4.7.4/nutbld/lib\libnutcrt.a(time.o)
 .bss           0x2008f798        0x0 C:/ethernut-4.7.4/nutbld/lib\libnutcrt.a(errno.o)
 .bss           0x2008f798        0x0 C:/ethernut-4.7.4/nutbld/lib\libnutcrt.a(malloc.o)
 .bss           0x2008f798        0x0 C:/ethernut-4.7.4/nutbld/lib\libnutcrt.a(open.o)
 .bss           0x2008f798        0x0 C:/ethernut-4.7.4/nutbld/lib\libnutcrt.a(getf.o)
 .bss           0x2008f798        0x0 C:/ethernut-4.7.4/nutbld/lib\libnutcrt.a(read.o)
 .bss           0x2008f798        0x0 C:/ethernut-4.7.4/nutbld/lib\libnutcrt.a(putf.o)
 .bss           0x2008f798        0x0 C:/ethernut-4.7.4/nutbld/lib\libnutcrt.a(write.o)
 .bss           0x2008f798        0x0 C:/ethernut-4.7.4/nutbld/lib\libnutcrt.a(fmode.o)
 .bss           0x2008f798        0x0 C:/ethernut-4.7.4/nutbld/lib\libnutcrt.a(fgetc.o)
 .bss           0x2008f798        0x0 C:/ethernut-4.7.4/nutbld/lib\libnutcrt.a(fputc.o)
 .bss           0x2008f798        0x0 C:/ethernut-4.7.4/nutbld/lib\libnutcrt.a(fputs.o)
 .bss           0x2008f798        0x0 C:/ethernut-4.7.4/nutbld/lib\libnutcrt.a(gmtime.o)
 .bss           0x2008f798        0x0 C:/ethernut-4.7.4/nutbld/lib\libnutcrt.a(mktime.o)
 .bss           0x2008f798        0x0 C:/ethernut-4.7.4/nutbld/lib\libnutcrt.a(tzset.o)
 .bss           0x2008f798        0x0 C:/ethernut-4.7.4/nutbld/lib\libnutcrt.a(localtim.o)
 .bss           0x2008f798        0x4 C:/ethernut-4.7.4/nutbld/lib\libnutnet.a(udpsock.o)
 .bss           0x2008f79c        0x4 C:/ethernut-4.7.4/nutbld/lib\libnutnet.a(ipdemux.o)
 .bss           0x2008f7a0       0x10 C:/ethernut-4.7.4/nutbld/lib\libnutnet.a(inet.o)
 .bss           0x2008f7b0        0x0 C:/ethernut-4.7.4/nutbld/lib\libnutnet.a(ethin.o)
 .bss           0x2008f7b0        0x0 C:/ethernut-4.7.4/nutbld/lib\libnutnet.a(ethout.o)
 .bss           0x2008f7b0        0x0 C:/ethernut-4.7.4/nutbld/lib\libnutnet.a(ifconfig.o)
 .bss           0x2008f7b0        0x0 C:/ethernut-4.7.4/nutbld/lib\libnutnet.a(udpin.o)
 .bss           0x2008f7b0        0x0 C:/ethernut-4.7.4/nutbld/lib\libnutnet.a(udpout.o)
 .bss           0x2008f7b0        0x0 C:/ethernut-4.7.4/nutbld/lib\libnutnet.a(ipcsum.o)
 .bss           0x2008f7b0        0x4 C:/ethernut-4.7.4/nutbld/lib\libnutnet.a(ipin.o)
 .bss           0x2008f7b4        0x0 C:/ethernut-4.7.4/nutbld/lib\libnutnet.a(ipout.o)
 .bss           0x2008f7b4        0x0 C:/ethernut-4.7.4/nutbld/lib\libnutnet.a(route.o)
 .bss           0x2008f7b4        0x0 C:/ethernut-4.7.4/nutbld/lib\libnutnet.a(icmpin.o)
 .bss           0x2008f7b4        0x0 C:/ethernut-4.7.4/nutbld/lib\libnutnet.a(icmpout.o)
 .bss           0x2008f7b4        0x4 C:/ethernut-4.7.4/nutbld/lib\libnutnet.a(arpcache.o)
 .bss           0x2008f7b8        0x0 C:/ethernut-4.7.4/nutbld/lib\libnutnet.a(arpin.o)
 .bss           0x2008f7b8        0x0 C:/ethernut-4.7.4/nutbld/lib\libnutnet.a(arpout.o)
 .bss           0x2008f7b8        0x8 C:/ethernut-4.7.4/nutbld/lib\libnutnet.a(tcpsm.o)
 .bss           0x2008f7c0        0x8 C:/ethernut-4.7.4/nutbld/lib\libnutnet.a(tcpsock.o)
                0x2008f7c0                tcpSocketList
 .bss           0x2008f7c8        0x0 C:/ethernut-4.7.4/nutbld/lib\libnutnet.a(tcputil.o)
 .bss           0x2008f7c8        0x0 C:/ethernut-4.7.4/nutbld/lib\libnutnet.a(tcpin.o)
 .bss           0x2008f7c8        0x0 C:/ethernut-4.7.4/nutbld/lib\libnutnet.a(tcpout.o)
 .bss           0x2008f7c8        0x4 C:/ethernut-4.7.4/nutbld/lib\libnutdev.a(rtc.o)
 .bss           0x2008f7cc        0x0 c:/program files/yagarto/bin/../lib/gcc/arm-elf/4.3.2\libgcc.a(_udivsi3.o)
 .bss           0x2008f7cc        0x0 c:/program files/yagarto/bin/../lib/gcc/arm-elf/4.3.2\libgcc.a(_divsi3.o)
 .bss           0x2008f7cc        0x0 c:/program files/yagarto/bin/../lib/gcc/arm-elf/4.3.2\libgcc.a(_umodsi3.o)
 .bss           0x2008f7cc        0x0 c:/program files/yagarto/bin/../lib/gcc/arm-elf/4.3.2\libgcc.a(_modsi3.o)
 .bss           0x2008f7cc        0x0 c:/program files/yagarto/bin/../lib/gcc/arm-elf/4.3.2\libgcc.a(_dvmd_tls.o)
 .bss           0x2008f7cc        0x0 c:/program files/yagarto/bin/../lib/gcc/arm-elf/4.3.2/../../../../arm-elf/lib\libc.a(lib_a-ctype_.o)
 .bss           0x2008f7cc        0x0 c:/program files/yagarto/bin/../lib/gcc/arm-elf/4.3.2/../../../../arm-elf/lib\libc.a(lib_a-memchr.o)
 .bss           0x2008f7cc        0x0 c:/program files/yagarto/bin/../lib/gcc/arm-elf/4.3.2/../../../../arm-elf/lib\libc.a(lib_a-memcmp.o)
 .bss           0x2008f7cc        0x0 c:/program files/yagarto/bin/../lib/gcc/arm-elf/4.3.2/../../../../arm-elf/lib\libc.a(lib_a-memcpy.o)
 .bss           0x2008f7cc        0x0 c:/program files/yagarto/bin/../lib/gcc/arm-elf/4.3.2/../../../../arm-elf/lib\libc.a(lib_a-memmove.o)
 .bss           0x2008f7cc        0x0 c:/program files/yagarto/bin/../lib/gcc/arm-elf/4.3.2/../../../../arm-elf/lib\libc.a(lib_a-memset.o)
 .bss           0x2008f7cc        0x0 c:/program files/yagarto/bin/../lib/gcc/arm-elf/4.3.2/../../../../arm-elf/lib\libc.a(lib_a-rand.o)
 .bss           0x2008f7cc        0x0 c:/program files/yagarto/bin/../lib/gcc/arm-elf/4.3.2/../../../../arm-elf/lib\libc.a(lib_a-strcmp.o)
 .bss           0x2008f7cc        0x0 c:/program files/yagarto/bin/../lib/gcc/arm-elf/4.3.2/../../../../arm-elf/lib\libc.a(lib_a-strcpy.o)
 .bss           0x2008f7cc        0x0 c:/program files/yagarto/bin/../lib/gcc/arm-elf/4.3.2/../../../../arm-elf/lib\libc.a(lib_a-strlen.o)
 .bss           0x2008f7cc        0x0 c:/program files/yagarto/bin/../lib/gcc/arm-elf/4.3.2/../../../../arm-elf/lib\libc.a(lib_a-strtol.o)
 .bss           0x2008f7cc        0x0 c:/program files/yagarto/bin/../lib/gcc/arm-elf/4.3.2/../../../../arm-elf/lib\libc.a(lib_a-system.o)
 .bss           0x2008f7cc        0x0 c:/program files/yagarto/bin/../lib/gcc/arm-elf/4.3.2/../../../../arm-elf/lib\libc.a(lib_a-errno.o)
 .bss           0x2008f7cc        0x0 c:/program files/yagarto/bin/../lib/gcc/arm-elf/4.3.2/../../../../arm-elf/lib\libc.a(lib_a-impure.o)
 *(COMMON)
 COMMON         0x2008f7cc      0x7bc main.o
                0x2008f7cc                game
                0x2008f81c                oppTargetSea
                0x2008f8e4                SR_2
                0x2008f9ec                verbose
                0x2008f9f0                vastustajaLista
                0x2008fa40                oppAir5
                0x2008fa68                oppCru3
                0x2008fa90                player1
                0x2008faa8                u_shortLista
                0x2008fad0                sub3
                0x2008faf8                cru3
                0x2008fb20                sea
                0x2008fbe8                des2
                0x2008fc10                targetSea
                0x2008fcd8                oppDes2
                0x2008fd00                oppSub3
                0x2008fd28                player2
                0x2008fd40                oppSea
                0x2008fe08                air5
                0x2008fe30                GR_4
                0x2008ff38                oppBat4
                0x2008ff60                bat4
 COMMON         0x2008ff88      0x4be verkko.o
                0x2008ff88                parsittudata
                0x20090050                sock
                0x20090054                vast
                0x2009015c                vv
                0x200901e4                lahteva
                0x200902ec                addr
                0x200902f0                data
                0x200903b8                size
                0x200903bc                lv
                0x20090444                port
 *fill*         0x20090446        0x2 00
 COMMON         0x20090448       0xb8 config.o
                0x20090448                confos
                0x2009045c                proxy
                0x200904e0                confnet
 COMMON         0x20090500       0x54 C:/ethernut-4.7.4/nutbld/lib\libnutarch.a(ih_at91sys.o)
                0x20090500                syssig_WDT
                0x2009050c                syssig_RTT
                0x20090518                syssig_PIT
                0x20090524                syssig_RSTC
                0x20090530                syssig_PMC
                0x2009053c                syssig_MC
                0x20090548                syssig_DBGU
 COMMON         0x20090554        0x4 C:/ethernut-4.7.4/nutbld/lib\libnutos.a(heap.o)
                0x20090554                heapFreeList
 COMMON         0x20090558       0x10 C:/ethernut-4.7.4/nutbld/lib\libnutos.a(thread.o)
                0x20090558                nutThreadList
                0x2009055c                runQueue
                0x20090560                runningThread
                0x20090564                killedThread
 COMMON         0x20090568        0xc C:/ethernut-4.7.4/nutbld/lib\libnutos.a(timer.o)
                0x20090568                nut_delay_loops
                0x2009056c                nutTimerList
                0x20090570                nut_ticks
 COMMON         0x20090574        0x4 C:/ethernut-4.7.4/nutbld/lib\libnutcrt.a(errno.o)
                0x20090574                errno
 COMMON         0x20090578       0x24 C:/ethernut-4.7.4/nutbld/lib\libnutcrt.a(gmtime.o)
                0x20090578                _tb
 COMMON         0x2009059c        0x4 C:/ethernut-4.7.4/nutbld/lib\libnutnet.a(udpsock.o)
                0x2009059c                udpSocketList
 COMMON         0x200905a0        0x4 C:/ethernut-4.7.4/nutbld/lib\libnutnet.a(ethin.o)
                0x200905a0                ether_demux
 COMMON         0x200905a4        0x4 C:/ethernut-4.7.4/nutbld/lib\libnutnet.a(ipin.o)
                0x200905a4                ip_demux
 COMMON         0x200905a8        0x4 C:/ethernut-4.7.4/nutbld/lib\libnutnet.a(route.o)
                0x200905a8                rteList
 COMMON         0x200905ac        0x8 C:/ethernut-4.7.4/nutbld/lib\libnutnet.a(tcpsm.o)
                0x200905ac                tcp_in_nbq
                0x200905b0                tcp_in_rdy
                0x200905b4                . = ALIGN (0x4)
                0x200905b4                PROVIDE (__bss_end, .)
                0x200909b4                . = (. + 0x400)
 *fill*         0x200905b4      0x400 00
                0x200909b4                PROVIDE (__exp_stack, .)
                0x20090db4                . = (. + 0x400)
 *fill*         0x200909b4      0x400 00
                0x20090db4                PROVIDE (__stack, .)
                0x20090db4                PROVIDE (__heap_start, .)

.stab
 *(.stab)

.stabstr
 *(.stabstr)
OUTPUT(SOP.elf elf32-littlearm)

.ARM.attributes
                0x00000000       0x10
 .ARM.attributes
                0x00000000       0x10 C:/ethernut-4.7.4/nutbld/lib\crtat91sam7se512_rom.o
 .ARM.attributes
                0x00000010       0x10 main.o
 .ARM.attributes
                0x00000020       0x10 laiva.o
 .ARM.attributes
                0x00000030       0x10 verkko.o
 .ARM.attributes
                0x00000040       0x10 ioBoard.o
 .ARM.attributes
                0x00000050       0x10 puheentunnistus.o
 .ARM.attributes
                0x00000060       0x10 config.o
 .ARM.attributes
                0x00000070       0x10 vsutils.o
 .ARM.attributes
                0x00000080       0x10 fix_fft.o
 .ARM.attributes
                0x00000090       0x10 C:/ethernut-4.7.4/nutbld/lib/nutinit.o
 .ARM.attributes
                0x000000a0       0x10 C:/ethernut-4.7.4/nutbld/lib\libnutarch.a(context.o)
 .ARM.attributes
                0x000000b0       0x10 C:/ethernut-4.7.4/nutbld/lib\libnutarch.a(usart0at91.o)
 .ARM.attributes
                0x000000c0       0x10 C:/ethernut-4.7.4/nutbld/lib\libnutarch.a(dm9000e.o)
 .ARM.attributes
                0x000000d0       0x10 C:/ethernut-4.7.4/nutbld/lib\libnutarch.a(at91init.o)
 .ARM.attributes
                0x000000e0       0x10 C:/ethernut-4.7.4/nutbld/lib\libnutarch.a(ostimer_at91.o)
 .ARM.attributes
                0x000000f0       0x10 C:/ethernut-4.7.4/nutbld/lib\libnutarch.a(ih_at91sys.o)
 .ARM.attributes
                0x00000100       0x10 C:/ethernut-4.7.4/nutbld/lib\libnutarch.a(ih_at91irq0.o)
 .ARM.attributes
                0x00000110       0x10 C:/ethernut-4.7.4/nutbld/lib\libnutarch.a(ih_at91uart0.o)
 .ARM.attributes
                0x00000120       0x10 C:/ethernut-4.7.4/nutbld/lib\libnutdev.a(ihndlr.o)
 .ARM.attributes
                0x00000130       0x10 C:/ethernut-4.7.4/nutbld/lib\libnutdev.a(usart.o)
 .ARM.attributes
                0x00000140       0x10 C:/ethernut-4.7.4/nutbld/lib\libnutdev.a(netbuf.o)
 .ARM.attributes
                0x00000150       0x10 C:/ethernut-4.7.4/nutbld/lib\libnutdev.a(at45db.o)
 .ARM.attributes
                0x00000160       0x10 C:/ethernut-4.7.4/nutbld/lib\libnutos.a(heap.o)
 .ARM.attributes
                0x00000170       0x10 C:/ethernut-4.7.4/nutbld/lib\libnutos.a(thread.o)
 .ARM.attributes
                0x00000180       0x10 C:/ethernut-4.7.4/nutbld/lib\libnutos.a(timer.o)
 .ARM.attributes
                0x00000190       0x10 C:/ethernut-4.7.4/nutbld/lib\libnutos.a(event.o)
 .ARM.attributes
                0x000001a0       0x10 C:/ethernut-4.7.4/nutbld/lib\libnutos.a(devreg.o)
 .ARM.attributes
                0x000001b0       0x10 C:/ethernut-4.7.4/nutbld/lib\libnutcrt.a(ioctl.o)
 .ARM.attributes
                0x000001c0       0x10 C:/ethernut-4.7.4/nutbld/lib\libnutcrt.a(fflush.o)
 .ARM.attributes
                0x000001d0       0x10 C:/ethernut-4.7.4/nutbld/lib\libnutcrt.a(fileno.o)
 .ARM.attributes
                0x000001e0       0x10 C:/ethernut-4.7.4/nutbld/lib\libnutcrt.a(fopen.o)
 .ARM.attributes
                0x000001f0       0x10 C:/ethernut-4.7.4/nutbld/lib\libnutcrt.a(freopen.o)
 .ARM.attributes
                0x00000200       0x10 C:/ethernut-4.7.4/nutbld/lib\libnutcrt.a(getc.o)
 .ARM.attributes
                0x00000210       0x10 C:/ethernut-4.7.4/nutbld/lib\libnutcrt.a(getchar.o)
 .ARM.attributes
                0x00000220       0x10 C:/ethernut-4.7.4/nutbld/lib\libnutcrt.a(scanf.o)
 .ARM.attributes
                0x00000230       0x10 C:/ethernut-4.7.4/nutbld/lib\libnutcrt.a(vfscanf.o)
 .ARM.attributes
                0x00000240       0x10 C:/ethernut-4.7.4/nutbld/lib\libnutcrt.a(printf.o)
 .ARM.attributes
                0x00000250       0x10 C:/ethernut-4.7.4/nutbld/lib\libnutcrt.a(putchar.o)
 .ARM.attributes
                0x00000260       0x10 C:/ethernut-4.7.4/nutbld/lib\libnutcrt.a(puts.o)
 .ARM.attributes
                0x00000270       0x10 C:/ethernut-4.7.4/nutbld/lib\libnutcrt.a(vfprintf.o)
 .ARM.attributes
                0x00000280       0x10 C:/ethernut-4.7.4/nutbld/lib\libnutcrt.a(time.o)
 .ARM.attributes
                0x00000290       0x10 C:/ethernut-4.7.4/nutbld/lib\libnutcrt.a(errno.o)
 .ARM.attributes
                0x000002a0       0x10 C:/ethernut-4.7.4/nutbld/lib\libnutcrt.a(malloc.o)
 .ARM.attributes
                0x000002b0       0x10 C:/ethernut-4.7.4/nutbld/lib\libnutcrt.a(open.o)
 .ARM.attributes
                0x000002c0       0x10 C:/ethernut-4.7.4/nutbld/lib\libnutcrt.a(getf.o)
 .ARM.attributes
                0x000002d0       0x10 C:/ethernut-4.7.4/nutbld/lib\libnutcrt.a(read.o)
 .ARM.attributes
                0x000002e0       0x10 C:/ethernut-4.7.4/nutbld/lib\libnutcrt.a(putf.o)
 .ARM.attributes
                0x000002f0       0x10 C:/ethernut-4.7.4/nutbld/lib\libnutcrt.a(write.o)
 .ARM.attributes
                0x00000300       0x10 C:/ethernut-4.7.4/nutbld/lib\libnutcrt.a(fmode.o)
 .ARM.attributes
                0x00000310       0x10 C:/ethernut-4.7.4/nutbld/lib\libnutcrt.a(fgetc.o)
 .ARM.attributes
                0x00000320       0x10 C:/ethernut-4.7.4/nutbld/lib\libnutcrt.a(fputc.o)
 .ARM.attributes
                0x00000330       0x10 C:/ethernut-4.7.4/nutbld/lib\libnutcrt.a(fputs.o)
 .ARM.attributes
                0x00000340       0x10 C:/ethernut-4.7.4/nutbld/lib\libnutcrt.a(gmtime.o)
 .ARM.attributes
                0x00000350       0x10 C:/ethernut-4.7.4/nutbld/lib\libnutcrt.a(mktime.o)
 .ARM.attributes
                0x00000360       0x10 C:/ethernut-4.7.4/nutbld/lib\libnutcrt.a(tzset.o)
 .ARM.attributes
                0x00000370       0x10 C:/ethernut-4.7.4/nutbld/lib\libnutcrt.a(localtim.o)
 .ARM.attributes
                0x00000380       0x10 C:/ethernut-4.7.4/nutbld/lib\libnutnet.a(udpsock.o)
 .ARM.attributes
                0x00000390       0x10 C:/ethernut-4.7.4/nutbld/lib\libnutnet.a(ipdemux.o)
 .ARM.attributes
                0x000003a0       0x10 C:/ethernut-4.7.4/nutbld/lib\libnutnet.a(inet.o)
 .ARM.attributes
                0x000003b0       0x10 C:/ethernut-4.7.4/nutbld/lib\libnutnet.a(ethin.o)
 .ARM.attributes
                0x000003c0       0x10 C:/ethernut-4.7.4/nutbld/lib\libnutnet.a(ethout.o)
 .ARM.attributes
                0x000003d0       0x10 C:/ethernut-4.7.4/nutbld/lib\libnutnet.a(ifconfig.o)
 .ARM.attributes
                0x000003e0       0x10 C:/ethernut-4.7.4/nutbld/lib\libnutnet.a(udpin.o)
 .ARM.attributes
                0x000003f0       0x10 C:/ethernut-4.7.4/nutbld/lib\libnutnet.a(udpout.o)
 .ARM.attributes
                0x00000400       0x10 C:/ethernut-4.7.4/nutbld/lib\libnutnet.a(ipcsum.o)
 .ARM.attributes
                0x00000410       0x10 C:/ethernut-4.7.4/nutbld/lib\libnutnet.a(ipin.o)
 .ARM.attributes
                0x00000420       0x10 C:/ethernut-4.7.4/nutbld/lib\libnutnet.a(ipout.o)
 .ARM.attributes
                0x00000430       0x10 C:/ethernut-4.7.4/nutbld/lib\libnutnet.a(route.o)
 .ARM.attributes
                0x00000440       0x10 C:/ethernut-4.7.4/nutbld/lib\libnutnet.a(icmpin.o)
 .ARM.attributes
                0x00000450       0x10 C:/ethernut-4.7.4/nutbld/lib\libnutnet.a(icmpout.o)
 .ARM.attributes
                0x00000460       0x10 C:/ethernut-4.7.4/nutbld/lib\libnutnet.a(arpcache.o)
 .ARM.attributes
                0x00000470       0x10 C:/ethernut-4.7.4/nutbld/lib\libnutnet.a(arpin.o)
 .ARM.attributes
                0x00000480       0x10 C:/ethernut-4.7.4/nutbld/lib\libnutnet.a(arpout.o)
 .ARM.attributes
                0x00000490       0x10 C:/ethernut-4.7.4/nutbld/lib\libnutnet.a(tcpsm.o)
 .ARM.attributes
                0x000004a0       0x10 C:/ethernut-4.7.4/nutbld/lib\libnutnet.a(tcpsock.o)
 .ARM.attributes
                0x000004b0       0x10 C:/ethernut-4.7.4/nutbld/lib\libnutnet.a(tcputil.o)
 .ARM.attributes
                0x000004c0       0x10 C:/ethernut-4.7.4/nutbld/lib\libnutnet.a(tcpin.o)